2025-05-17 12:39:08,488 - src.frames_util - ERROR - Unexpected error: HTTPStatusError.__init__() missing 1 required keyword-only argument: 'request'
Traceback (most recent call last):
  File "/home/runner/work/rand-frieren/rand-frieren/src/frames_util.py", line 65, in download_frame
    raise httpx.HTTPStatusError("Rate limit exceeded", response=response)
          ~~~~~~~~~~~~~~~~~~~~~^^^^^^^^^^^^^^^^^^^^^^^^^^^^^^^^^^^^^^^^^^
TypeError: HTTPStatusError.__init__() missing 1 required keyword-only argument: 'request'
2025-05-17 12:51:40,089 - src.frames_util - ERROR - Unexpected error: HTTPStatusError.__init__() missing 1 required keyword-only argument: 'request'
Traceback (most recent call last):
  File "/home/runner/work/rand-frieren/rand-frieren/src/frames_util.py", line 65, in download_frame
    raise httpx.HTTPStatusError("Rate limit exceeded", response=response)
          ~~~~~~~~~~~~~~~~~~~~~^^^^^^^^^^^^^^^^^^^^^^^^^^^^^^^^^^^^^^^^^^
TypeError: HTTPStatusError.__init__() missing 1 required keyword-only argument: 'request'
2025-05-17 21:24:55,641 - src.frames_util - ERROR - Unexpected error: HTTPStatusError.__init__() missing 1 required keyword-only argument: 'request'
Traceback (most recent call last):
  File "/home/runner/work/rand-frieren/rand-frieren/src/frames_util.py", line 65, in download_frame
    raise httpx.HTTPStatusError("Rate limit exceeded", response=response)
          ~~~~~~~~~~~~~~~~~~~~~^^^^^^^^^^^^^^^^^^^^^^^^^^^^^^^^^^^^^^^^^^
TypeError: HTTPStatusError.__init__() missing 1 required keyword-only argument: 'request'
2025-05-17 21:44:36,815 - src.frames_util - ERROR - Unexpected error: HTTPStatusError.__init__() missing 1 required keyword-only argument: 'request'
Traceback (most recent call last):
  File "/home/runner/work/rand-frieren/rand-frieren/src/frames_util.py", line 65, in download_frame
    raise httpx.HTTPStatusError("Rate limit exceeded", response=response)
          ~~~~~~~~~~~~~~~~~~~~~^^^^^^^^^^^^^^^^^^^^^^^^^^^^^^^^^^^^^^^^^^
TypeError: HTTPStatusError.__init__() missing 1 required keyword-only argument: 'request'
2025-05-18 15:44:56,220 - src.frames_util - ERROR - Unexpected error: HTTPStatusError.__init__() missing 1 required keyword-only argument: 'request'
Traceback (most recent call last):
  File "/home/runner/work/rand-frieren/rand-frieren/src/frames_util.py", line 65, in download_frame
    raise httpx.HTTPStatusError("Rate limit exceeded", response=response)
          ~~~~~~~~~~~~~~~~~~~~~^^^^^^^^^^^^^^^^^^^^^^^^^^^^^^^^^^^^^^^^^^
TypeError: HTTPStatusError.__init__() missing 1 required keyword-only argument: 'request'
2025-05-18 21:19:54,421 - src.frames_util - ERROR - Unexpected error: HTTPStatusError.__init__() missing 1 required keyword-only argument: 'request'
Traceback (most recent call last):
  File "/home/runner/work/rand-frieren/rand-frieren/src/frames_util.py", line 65, in download_frame
    raise httpx.HTTPStatusError("Rate limit exceeded", response=response)
          ~~~~~~~~~~~~~~~~~~~~~^^^^^^^^^^^^^^^^^^^^^^^^^^^^^^^^^^^^^^^^^^
TypeError: HTTPStatusError.__init__() missing 1 required keyword-only argument: 'request'
2025-05-18 21:35:10,617 - src.frames_util - ERROR - Unexpected error: HTTPStatusError.__init__() missing 1 required keyword-only argument: 'request'
Traceback (most recent call last):
  File "/home/runner/work/rand-frieren/rand-frieren/src/frames_util.py", line 65, in download_frame
    raise httpx.HTTPStatusError("Rate limit exceeded", response=response)
          ~~~~~~~~~~~~~~~~~~~~~^^^^^^^^^^^^^^^^^^^^^^^^^^^^^^^^^^^^^^^^^^
TypeError: HTTPStatusError.__init__() missing 1 required keyword-only argument: 'request'
2025-05-18 21:45:59,827 - src.frames_util - ERROR - Unexpected error: HTTPStatusError.__init__() missing 1 required keyword-only argument: 'request'
Traceback (most recent call last):
  File "/home/runner/work/rand-frieren/rand-frieren/src/frames_util.py", line 65, in download_frame
    raise httpx.HTTPStatusError("Rate limit exceeded", response=response)
          ~~~~~~~~~~~~~~~~~~~~~^^^^^^^^^^^^^^^^^^^^^^^^^^^^^^^^^^^^^^^^^^
TypeError: HTTPStatusError.__init__() missing 1 required keyword-only argument: 'request'
2025-05-19 01:45:20,711 - src.frames_util - ERROR - Unexpected error: HTTPStatusError.__init__() missing 1 required keyword-only argument: 'request'
Traceback (most recent call last):
  File "/home/runner/work/rand-frieren/rand-frieren/src/frames_util.py", line 65, in download_frame
    raise httpx.HTTPStatusError("Rate limit exceeded", response=response)
          ~~~~~~~~~~~~~~~~~~~~~^^^^^^^^^^^^^^^^^^^^^^^^^^^^^^^^^^^^^^^^^^
TypeError: HTTPStatusError.__init__() missing 1 required keyword-only argument: 'request'
2025-05-19 01:46:31,733 - src.frames_util - ERROR - Unexpected error: HTTPStatusError.__init__() missing 1 required keyword-only argument: 'request'
Traceback (most recent call last):
  File "/home/runner/work/rand-frieren/rand-frieren/src/frames_util.py", line 65, in download_frame
    raise httpx.HTTPStatusError("Rate limit exceeded", response=response)
          ~~~~~~~~~~~~~~~~~~~~~^^^^^^^^^^^^^^^^^^^^^^^^^^^^^^^^^^^^^^^^^^
TypeError: HTTPStatusError.__init__() missing 1 required keyword-only argument: 'request'
2025-05-19 01:50:07,337 - src.frames_util - ERROR - Unexpected error: HTTPStatusError.__init__() missing 1 required keyword-only argument: 'request'
Traceback (most recent call last):
  File "/home/runner/work/rand-frieren/rand-frieren/src/frames_util.py", line 65, in download_frame
    raise httpx.HTTPStatusError("Rate limit exceeded", response=response)
          ~~~~~~~~~~~~~~~~~~~~~^^^^^^^^^^^^^^^^^^^^^^^^^^^^^^^^^^^^^^^^^^
TypeError: HTTPStatusError.__init__() missing 1 required keyword-only argument: 'request'
2025-05-19 02:01:04,301 - src.frames_util - ERROR - Unexpected error: HTTPStatusError.__init__() missing 1 required keyword-only argument: 'request'
Traceback (most recent call last):
  File "/home/runner/work/rand-frieren/rand-frieren/src/frames_util.py", line 65, in download_frame
    raise httpx.HTTPStatusError("Rate limit exceeded", response=response)
          ~~~~~~~~~~~~~~~~~~~~~^^^^^^^^^^^^^^^^^^^^^^^^^^^^^^^^^^^^^^^^^^
TypeError: HTTPStatusError.__init__() missing 1 required keyword-only argument: 'request'
2025-05-19 04:10:00,393 - src.frames_util - ERROR - Unexpected error: HTTPStatusError.__init__() missing 1 required keyword-only argument: 'request'
Traceback (most recent call last):
  File "/home/runner/work/rand-frieren/rand-frieren/src/frames_util.py", line 65, in download_frame
    raise httpx.HTTPStatusError("Rate limit exceeded", response=response)
          ~~~~~~~~~~~~~~~~~~~~~^^^^^^^^^^^^^^^^^^^^^^^^^^^^^^^^^^^^^^^^^^
TypeError: HTTPStatusError.__init__() missing 1 required keyword-only argument: 'request'
2025-05-19 06:54:08,928 - src.frames_util - ERROR - Unexpected error: HTTPStatusError.__init__() missing 1 required keyword-only argument: 'request'
Traceback (most recent call last):
  File "/home/runner/work/rand-frieren/rand-frieren/src/frames_util.py", line 65, in download_frame
    raise httpx.HTTPStatusError("Rate limit exceeded", response=response)
          ~~~~~~~~~~~~~~~~~~~~~^^^^^^^^^^^^^^^^^^^^^^^^^^^^^^^^^^^^^^^^^^
TypeError: HTTPStatusError.__init__() missing 1 required keyword-only argument: 'request'
2025-05-19 06:55:19,945 - src.frames_util - ERROR - Unexpected error: HTTPStatusError.__init__() missing 1 required keyword-only argument: 'request'
Traceback (most recent call last):
  File "/home/runner/work/rand-frieren/rand-frieren/src/frames_util.py", line 65, in download_frame
    raise httpx.HTTPStatusError("Rate limit exceeded", response=response)
          ~~~~~~~~~~~~~~~~~~~~~^^^^^^^^^^^^^^^^^^^^^^^^^^^^^^^^^^^^^^^^^^
TypeError: HTTPStatusError.__init__() missing 1 required keyword-only argument: 'request'
2025-05-19 21:23:55,875 - src.frames_util - ERROR - Unexpected error: HTTPStatusError.__init__() missing 1 required keyword-only argument: 'request'
Traceback (most recent call last):
  File "/home/runner/work/rand-frieren/rand-frieren/src/frames_util.py", line 65, in download_frame
    raise httpx.HTTPStatusError("Rate limit exceeded", response=response)
          ~~~~~~~~~~~~~~~~~~~~~^^^^^^^^^^^^^^^^^^^^^^^^^^^^^^^^^^^^^^^^^^
TypeError: HTTPStatusError.__init__() missing 1 required keyword-only argument: 'request'
2025-05-19 21:34:14,279 - src.frames_util - ERROR - Unexpected error: HTTPStatusError.__init__() missing 1 required keyword-only argument: 'request'
Traceback (most recent call last):
  File "/home/runner/work/rand-frieren/rand-frieren/src/frames_util.py", line 65, in download_frame
    raise httpx.HTTPStatusError("Rate limit exceeded", response=response)
          ~~~~~~~~~~~~~~~~~~~~~^^^^^^^^^^^^^^^^^^^^^^^^^^^^^^^^^^^^^^^^^^
TypeError: HTTPStatusError.__init__() missing 1 required keyword-only argument: 'request'
2025-05-19 21:47:01,477 - src.frames_util - ERROR - Unexpected error: HTTPStatusError.__init__() missing 1 required keyword-only argument: 'request'
Traceback (most recent call last):
  File "/home/runner/work/rand-frieren/rand-frieren/src/frames_util.py", line 65, in download_frame
    raise httpx.HTTPStatusError("Rate limit exceeded", response=response)
          ~~~~~~~~~~~~~~~~~~~~~^^^^^^^^^^^^^^^^^^^^^^^^^^^^^^^^^^^^^^^^^^
TypeError: HTTPStatusError.__init__() missing 1 required keyword-only argument: 'request'
2025-05-27 04:09:16,198 - src.frames_util - ERROR - HTTP error while downloading frame 5144 from episode 16: 404 - 404: Not Found
NoneType: None
2025-05-27 04:09:16,199 - __main__ - ERROR - Error: Frame 5144 from episode 16 not found.
2025-05-27 04:09:16,199 - __main__ - ERROR - ✖ Error processing frame (__main__)
2025-06-22 09:26:30,029 - src.frames_util - ERROR - HTTP error while downloading frame 5081 from episode 16: 404 - 404: Not Found
NoneType: None
2025-06-22 09:26:30,030 - __main__ - ERROR - Error: Frame 5081 from episode 16 not found.
2025-06-22 09:26:30,030 - __main__ - ERROR - ✖ Error processing frame
2025-06-24 06:36:12,071 - src.frames_util - ERROR - HTTP error while downloading frame 5098 from episode 16: 404 - 404: Not Found
NoneType: None
2025-06-24 06:36:12,072 - __main__ - ERROR - Error: Frame 5098 from episode 16 not found.
2025-06-24 06:36:12,072 - __main__ - ERROR - ✖ Error processing frame
2025-07-11 18:34:31,969 - src.poster - ERROR - ✖ Error posting frame: [Errno 101] Network is unreachable
2025-07-11 18:34:31,970 - __main__ - ERROR - ✖ Failed to post frame data
2025-07-15 01:54:27,289 - src.frames_util - ERROR - HTTP error while downloading frame 5136 from episode 16: 404 - 404: Not Found
NoneType: None
2025-07-15 01:54:27,289 - __main__ - ERROR - Error: Frame 5136 from episode 16 not found.
2025-07-15 01:54:27,289 - __main__ - ERROR - ✖ Error processing frame
2025-07-27 18:28:50,999 - src.frames_util - ERROR - HTTP error while downloading frame 5101 from episode 16: 404 - 404: Not Found
NoneType: None
2025-07-27 18:28:51,000 - __main__ - ERROR - Error: Frame 5101 from episode 16 not found.
2025-07-27 18:28:51,000 - __main__ - ERROR - ✖ Error processing frame
2025-07-30 04:22:55,651 - src.frames_util - ERROR - HTTP error while downloading frame 5135 from episode 16: 404 - 404: Not Found
NoneType: None
2025-07-30 04:22:55,651 - __main__ - ERROR - Error: Frame 5135 from episode 16 not found.
2025-07-30 04:22:55,651 - __main__ - ERROR - ✖ Error processing frame
2025-08-05 04:28:59,705 - src.frames_util - ERROR - HTTP error while downloading frame 5067 from episode 16: 404 - 404: Not Found
NoneType: None
2025-08-05 04:28:59,706 - __main__ - ERROR - Error: Frame 5067 from episode 16 not found.
2025-08-05 04:28:59,706 - __main__ - ERROR - ✖ Error processing frame
2025-08-15 09:29:49,017 - src.poster - ERROR - ✖ Error posting random crop: Server error '500 Internal Server Error' for url 'https://graph.facebook.com/v21.0//122274691112068249/comments?access_token=EAAMplsD3FFQBO9dn0XRGPN7Cx41kiuvXbA8fyZB9u9jvNPVrOksZAZBIKfftiLnReqc8AXVG3HpIfeHacIXOR9VaeJWF5oIZC9AKpXLj76PwkVMchfoCmOtUwkWzuvWKsidGi1osFocBi0xlponZC8jJzqwcnbcsp155zjaj4cTaZC4RudGec1ZCC9qJlZAAmHcZD&message=Random+Crop.+%5B419x419+~+X%3A+313%2C+Y%3A+144%5D'
For more information check: https://developer.mozilla.org/en-US/docs/Web/HTTP/Status/500
2025-08-15 09:32:12,685 - src.poster - ERROR - ✖ Error posting random crop: Server error '500 Internal Server Error' for url 'https://graph.facebook.com/v21.0//122274691742068249/comments?access_token=EAAMplsD3FFQBO9dn0XRGPN7Cx41kiuvXbA8fyZB9u9jvNPVrOksZAZBIKfftiLnReqc8AXVG3HpIfeHacIXOR9VaeJWF5oIZC9AKpXLj76PwkVMchfoCmOtUwkWzuvWKsidGi1osFocBi0xlponZC8jJzqwcnbcsp155zjaj4cTaZC4RudGec1ZCC9qJlZAAmHcZD&message=Random+Crop.+%5B536x536+~+X%3A+326%2C+Y%3A+457%5D'
For more information check: https://developer.mozilla.org/en-US/docs/Web/HTTP/Status/500
2025-08-20 21:37:19,547 - src.frames_util - ERROR - HTTP error while downloading frame 5076 from episode 16: 404 - 404: Not Found
NoneType: None
2025-08-20 21:37:19,547 - __main__ - ERROR - Error: Frame 5076 from episode 16 not found.
2025-08-20 21:37:19,547 - __main__ - ERROR - ✖ Error processing frame
2025-08-23 03:35:40,046 - src.poster - ERROR - ✖ Error posting frame: [Errno 101] Network is unreachable
2025-08-23 03:35:40,046 - __main__ - ERROR - ✖ Failed to post frame data
2025-08-23 03:40:34,334 - src.poster - ERROR - ✖ Error posting frame: [Errno 101] Network is unreachable
2025-08-23 03:40:34,335 - __main__ - ERROR - ✖ Failed to post frame data
2025-08-25 12:41:30,847 - src.frames_util - ERROR - Request error while downloading frame 148 from episode 22: [Errno 104] Connection reset by peer
Traceback (most recent call last):
  File "/opt/hostedtoolcache/Python/3.13.7/x64/lib/python3.13/site-packages/httpx/_transports/default.py", line 101, in map_httpcore_exceptions
    yield
  File "/opt/hostedtoolcache/Python/3.13.7/x64/lib/python3.13/site-packages/httpx/_transports/default.py", line 250, in handle_request
    resp = self._pool.handle_request(req)
  File "/opt/hostedtoolcache/Python/3.13.7/x64/lib/python3.13/site-packages/httpcore/_sync/connection_pool.py", line 256, in handle_request
    raise exc from None
  File "/opt/hostedtoolcache/Python/3.13.7/x64/lib/python3.13/site-packages/httpcore/_sync/connection_pool.py", line 236, in handle_request
    response = connection.handle_request(
        pool_request.request
    )
  File "/opt/hostedtoolcache/Python/3.13.7/x64/lib/python3.13/site-packages/httpcore/_sync/connection.py", line 101, in handle_request
    raise exc
  File "/opt/hostedtoolcache/Python/3.13.7/x64/lib/python3.13/site-packages/httpcore/_sync/connection.py", line 78, in handle_request
    stream = self._connect(request)
  File "/opt/hostedtoolcache/Python/3.13.7/x64/lib/python3.13/site-packages/httpcore/_sync/connection.py", line 156, in _connect
    stream = stream.start_tls(**kwargs)
  File "/opt/hostedtoolcache/Python/3.13.7/x64/lib/python3.13/site-packages/httpcore/_backends/sync.py", line 154, in start_tls
    with map_exceptions(exc_map):
         ~~~~~~~~~~~~~~^^^^^^^^^
  File "/opt/hostedtoolcache/Python/3.13.7/x64/lib/python3.13/contextlib.py", line 162, in __exit__
    self.gen.throw(value)
    ~~~~~~~~~~~~~~^^^^^^^
  File "/opt/hostedtoolcache/Python/3.13.7/x64/lib/python3.13/site-packages/httpcore/_exceptions.py", line 14, in map_exceptions
    raise to_exc(exc) from exc
httpcore.ConnectError: [Errno 104] Connection reset by peer

The above exception was the direct cause of the following exception:

Traceback (most recent call last):
  File "/home/runner/work/rand-frieren/rand-frieren/src/frames_util.py", line 61, in download_frame
    response = client.get(frame_url)
  File "/opt/hostedtoolcache/Python/3.13.7/x64/lib/python3.13/site-packages/httpx/_client.py", line 1053, in get
    return self.request(
           ~~~~~~~~~~~~^
        "GET",
        ^^^^^^
    ...<7 lines>...
        extensions=extensions,
        ^^^^^^^^^^^^^^^^^^^^^^
    )
    ^
  File "/opt/hostedtoolcache/Python/3.13.7/x64/lib/python3.13/site-packages/httpx/_client.py", line 825, in request
    return self.send(request, auth=auth, follow_redirects=follow_redirects)
           ~~~~~~~~~^^^^^^^^^^^^^^^^^^^^^^^^^^^^^^^^^^^^^^^^^^^^^^^^^^^^^^^
  File "/opt/hostedtoolcache/Python/3.13.7/x64/lib/python3.13/site-packages/httpx/_client.py", line 914, in send
    response = self._send_handling_auth(
        request,
    ...<2 lines>...
        history=[],
    )
  File "/opt/hostedtoolcache/Python/3.13.7/x64/lib/python3.13/site-packages/httpx/_client.py", line 942, in _send_handling_auth
    response = self._send_handling_redirects(
        request,
        follow_redirects=follow_redirects,
        history=history,
    )
  File "/opt/hostedtoolcache/Python/3.13.7/x64/lib/python3.13/site-packages/httpx/_client.py", line 979, in _send_handling_redirects
    response = self._send_single_request(request)
  File "/opt/hostedtoolcache/Python/3.13.7/x64/lib/python3.13/site-packages/httpx/_client.py", line 1014, in _send_single_request
    response = transport.handle_request(request)
  File "/opt/hostedtoolcache/Python/3.13.7/x64/lib/python3.13/site-packages/httpx/_transports/default.py", line 249, in handle_request
    with map_httpcore_exceptions():
         ~~~~~~~~~~~~~~~~~~~~~~~^^
  File "/opt/hostedtoolcache/Python/3.13.7/x64/lib/python3.13/contextlib.py", line 162, in __exit__
    self.gen.throw(value)
    ~~~~~~~~~~~~~~^^^^^^^
  File "/opt/hostedtoolcache/Python/3.13.7/x64/lib/python3.13/site-packages/httpx/_transports/default.py", line 118, in map_httpcore_exceptions
    raise mapped_exc(message) from exc
httpx.ConnectError: [Errno 104] Connection reset by peer
2025-08-25 12:41:30,859 - __main__ - ERROR - Error: Frame 148 from episode 22 not found.
2025-08-25 12:41:30,859 - __main__ - ERROR - ✖ Error processing frame
2025-08-25 12:46:30,131 - src.frames_util - ERROR - Request error while downloading frame 3338 from episode 14: [Errno 104] Connection reset by peer
Traceback (most recent call last):
  File "/opt/hostedtoolcache/Python/3.13.7/x64/lib/python3.13/site-packages/httpx/_transports/default.py", line 101, in map_httpcore_exceptions
    yield
  File "/opt/hostedtoolcache/Python/3.13.7/x64/lib/python3.13/site-packages/httpx/_transports/default.py", line 250, in handle_request
    resp = self._pool.handle_request(req)
  File "/opt/hostedtoolcache/Python/3.13.7/x64/lib/python3.13/site-packages/httpcore/_sync/connection_pool.py", line 256, in handle_request
    raise exc from None
  File "/opt/hostedtoolcache/Python/3.13.7/x64/lib/python3.13/site-packages/httpcore/_sync/connection_pool.py", line 236, in handle_request
    response = connection.handle_request(
        pool_request.request
    )
  File "/opt/hostedtoolcache/Python/3.13.7/x64/lib/python3.13/site-packages/httpcore/_sync/connection.py", line 101, in handle_request
    raise exc
  File "/opt/hostedtoolcache/Python/3.13.7/x64/lib/python3.13/site-packages/httpcore/_sync/connection.py", line 78, in handle_request
    stream = self._connect(request)
  File "/opt/hostedtoolcache/Python/3.13.7/x64/lib/python3.13/site-packages/httpcore/_sync/connection.py", line 156, in _connect
    stream = stream.start_tls(**kwargs)
  File "/opt/hostedtoolcache/Python/3.13.7/x64/lib/python3.13/site-packages/httpcore/_backends/sync.py", line 154, in start_tls
    with map_exceptions(exc_map):
         ~~~~~~~~~~~~~~^^^^^^^^^
  File "/opt/hostedtoolcache/Python/3.13.7/x64/lib/python3.13/contextlib.py", line 162, in __exit__
    self.gen.throw(value)
    ~~~~~~~~~~~~~~^^^^^^^
  File "/opt/hostedtoolcache/Python/3.13.7/x64/lib/python3.13/site-packages/httpcore/_exceptions.py", line 14, in map_exceptions
    raise to_exc(exc) from exc
httpcore.ConnectError: [Errno 104] Connection reset by peer

The above exception was the direct cause of the following exception:

Traceback (most recent call last):
  File "/home/runner/work/rand-frieren/rand-frieren/src/frames_util.py", line 61, in download_frame
    response = client.get(frame_url)
  File "/opt/hostedtoolcache/Python/3.13.7/x64/lib/python3.13/site-packages/httpx/_client.py", line 1053, in get
    return self.request(
           ~~~~~~~~~~~~^
        "GET",
        ^^^^^^
    ...<7 lines>...
        extensions=extensions,
        ^^^^^^^^^^^^^^^^^^^^^^
    )
    ^
  File "/opt/hostedtoolcache/Python/3.13.7/x64/lib/python3.13/site-packages/httpx/_client.py", line 825, in request
    return self.send(request, auth=auth, follow_redirects=follow_redirects)
           ~~~~~~~~~^^^^^^^^^^^^^^^^^^^^^^^^^^^^^^^^^^^^^^^^^^^^^^^^^^^^^^^
  File "/opt/hostedtoolcache/Python/3.13.7/x64/lib/python3.13/site-packages/httpx/_client.py", line 914, in send
    response = self._send_handling_auth(
        request,
    ...<2 lines>...
        history=[],
    )
  File "/opt/hostedtoolcache/Python/3.13.7/x64/lib/python3.13/site-packages/httpx/_client.py", line 942, in _send_handling_auth
    response = self._send_handling_redirects(
        request,
        follow_redirects=follow_redirects,
        history=history,
    )
  File "/opt/hostedtoolcache/Python/3.13.7/x64/lib/python3.13/site-packages/httpx/_client.py", line 979, in _send_handling_redirects
    response = self._send_single_request(request)
  File "/opt/hostedtoolcache/Python/3.13.7/x64/lib/python3.13/site-packages/httpx/_client.py", line 1014, in _send_single_request
    response = transport.handle_request(request)
  File "/opt/hostedtoolcache/Python/3.13.7/x64/lib/python3.13/site-packages/httpx/_transports/default.py", line 249, in handle_request
    with map_httpcore_exceptions():
         ~~~~~~~~~~~~~~~~~~~~~~~^^
  File "/opt/hostedtoolcache/Python/3.13.7/x64/lib/python3.13/contextlib.py", line 162, in __exit__
    self.gen.throw(value)
    ~~~~~~~~~~~~~~^^^^^^^
  File "/opt/hostedtoolcache/Python/3.13.7/x64/lib/python3.13/site-packages/httpx/_transports/default.py", line 118, in map_httpcore_exceptions
    raise mapped_exc(message) from exc
httpx.ConnectError: [Errno 104] Connection reset by peer
2025-08-25 12:46:30,133 - __main__ - ERROR - Error: Frame 3338 from episode 14 not found.
2025-08-25 12:46:30,133 - __main__ - ERROR - ✖ Error processing frame
2025-08-25 18:46:04,790 - src.frames_util - ERROR - HTTP error while downloading frame 5074 from episode 16: 404 - 404: Not Found
NoneType: None
2025-08-25 18:46:04,790 - __main__ - ERROR - Error: Frame 5074 from episode 16 not found.
2025-08-25 18:46:04,790 - __main__ - ERROR - ✖ Error processing frame
2025-09-08 09:23:17,720 - src.facebook - ERROR - Tentativa 1 falhou: The read operation timed out
2025-09-22 06:37:52,068 - src.frames_util - ERROR - Request error while downloading frame 2219 from episode 23: [Errno 104] Connection reset by peer
Traceback (most recent call last):
  File "/opt/hostedtoolcache/Python/3.13.7/x64/lib/python3.13/site-packages/httpx/_transports/default.py", line 101, in map_httpcore_exceptions
    yield
  File "/opt/hostedtoolcache/Python/3.13.7/x64/lib/python3.13/site-packages/httpx/_transports/default.py", line 250, in handle_request
    resp = self._pool.handle_request(req)
  File "/opt/hostedtoolcache/Python/3.13.7/x64/lib/python3.13/site-packages/httpcore/_sync/connection_pool.py", line 256, in handle_request
    raise exc from None
  File "/opt/hostedtoolcache/Python/3.13.7/x64/lib/python3.13/site-packages/httpcore/_sync/connection_pool.py", line 236, in handle_request
    response = connection.handle_request(
        pool_request.request
    )
  File "/opt/hostedtoolcache/Python/3.13.7/x64/lib/python3.13/site-packages/httpcore/_sync/connection.py", line 101, in handle_request
    raise exc
  File "/opt/hostedtoolcache/Python/3.13.7/x64/lib/python3.13/site-packages/httpcore/_sync/connection.py", line 78, in handle_request
    stream = self._connect(request)
  File "/opt/hostedtoolcache/Python/3.13.7/x64/lib/python3.13/site-packages/httpcore/_sync/connection.py", line 156, in _connect
    stream = stream.start_tls(**kwargs)
  File "/opt/hostedtoolcache/Python/3.13.7/x64/lib/python3.13/site-packages/httpcore/_backends/sync.py", line 154, in start_tls
    with map_exceptions(exc_map):
         ~~~~~~~~~~~~~~^^^^^^^^^
  File "/opt/hostedtoolcache/Python/3.13.7/x64/lib/python3.13/contextlib.py", line 162, in __exit__
    self.gen.throw(value)
    ~~~~~~~~~~~~~~^^^^^^^
  File "/opt/hostedtoolcache/Python/3.13.7/x64/lib/python3.13/site-packages/httpcore/_exceptions.py", line 14, in map_exceptions
    raise to_exc(exc) from exc
httpcore.ConnectError: [Errno 104] Connection reset by peer

The above exception was the direct cause of the following exception:

Traceback (most recent call last):
  File "/home/runner/work/rand-frieren/rand-frieren/src/frames_util.py", line 61, in download_frame
    response = client.get(frame_url)
  File "/opt/hostedtoolcache/Python/3.13.7/x64/lib/python3.13/site-packages/httpx/_client.py", line 1053, in get
    return self.request(
           ~~~~~~~~~~~~^
        "GET",
        ^^^^^^
    ...<7 lines>...
        extensions=extensions,
        ^^^^^^^^^^^^^^^^^^^^^^
    )
    ^
  File "/opt/hostedtoolcache/Python/3.13.7/x64/lib/python3.13/site-packages/httpx/_client.py", line 825, in request
    return self.send(request, auth=auth, follow_redirects=follow_redirects)
           ~~~~~~~~~^^^^^^^^^^^^^^^^^^^^^^^^^^^^^^^^^^^^^^^^^^^^^^^^^^^^^^^
  File "/opt/hostedtoolcache/Python/3.13.7/x64/lib/python3.13/site-packages/httpx/_client.py", line 914, in send
    response = self._send_handling_auth(
        request,
    ...<2 lines>...
        history=[],
    )
  File "/opt/hostedtoolcache/Python/3.13.7/x64/lib/python3.13/site-packages/httpx/_client.py", line 942, in _send_handling_auth
    response = self._send_handling_redirects(
        request,
        follow_redirects=follow_redirects,
        history=history,
    )
  File "/opt/hostedtoolcache/Python/3.13.7/x64/lib/python3.13/site-packages/httpx/_client.py", line 979, in _send_handling_redirects
    response = self._send_single_request(request)
  File "/opt/hostedtoolcache/Python/3.13.7/x64/lib/python3.13/site-packages/httpx/_client.py", line 1014, in _send_single_request
    response = transport.handle_request(request)
  File "/opt/hostedtoolcache/Python/3.13.7/x64/lib/python3.13/site-packages/httpx/_transports/default.py", line 249, in handle_request
    with map_httpcore_exceptions():
         ~~~~~~~~~~~~~~~~~~~~~~~^^
  File "/opt/hostedtoolcache/Python/3.13.7/x64/lib/python3.13/contextlib.py", line 162, in __exit__
    self.gen.throw(value)
    ~~~~~~~~~~~~~~^^^^^^^
  File "/opt/hostedtoolcache/Python/3.13.7/x64/lib/python3.13/site-packages/httpx/_transports/default.py", line 118, in map_httpcore_exceptions
    raise mapped_exc(message) from exc
httpx.ConnectError: [Errno 104] Connection reset by peer
2025-09-22 06:37:52,109 - __main__ - ERROR - Error: Frame 2219 from episode 23 not found.
2025-09-22 06:37:52,109 - __main__ - ERROR - ✖ Error processing frame
2025-09-22 06:38:03,120 - src.frames_util - ERROR - Request error while downloading frame 1235 from episode 3: [Errno 104] Connection reset by peer
Traceback (most recent call last):
  File "/opt/hostedtoolcache/Python/3.13.7/x64/lib/python3.13/site-packages/httpx/_transports/default.py", line 101, in map_httpcore_exceptions
    yield
  File "/opt/hostedtoolcache/Python/3.13.7/x64/lib/python3.13/site-packages/httpx/_transports/default.py", line 250, in handle_request
    resp = self._pool.handle_request(req)
  File "/opt/hostedtoolcache/Python/3.13.7/x64/lib/python3.13/site-packages/httpcore/_sync/connection_pool.py", line 256, in handle_request
    raise exc from None
  File "/opt/hostedtoolcache/Python/3.13.7/x64/lib/python3.13/site-packages/httpcore/_sync/connection_pool.py", line 236, in handle_request
    response = connection.handle_request(
        pool_request.request
    )
  File "/opt/hostedtoolcache/Python/3.13.7/x64/lib/python3.13/site-packages/httpcore/_sync/connection.py", line 101, in handle_request
    raise exc
  File "/opt/hostedtoolcache/Python/3.13.7/x64/lib/python3.13/site-packages/httpcore/_sync/connection.py", line 78, in handle_request
    stream = self._connect(request)
  File "/opt/hostedtoolcache/Python/3.13.7/x64/lib/python3.13/site-packages/httpcore/_sync/connection.py", line 156, in _connect
    stream = stream.start_tls(**kwargs)
  File "/opt/hostedtoolcache/Python/3.13.7/x64/lib/python3.13/site-packages/httpcore/_backends/sync.py", line 154, in start_tls
    with map_exceptions(exc_map):
         ~~~~~~~~~~~~~~^^^^^^^^^
  File "/opt/hostedtoolcache/Python/3.13.7/x64/lib/python3.13/contextlib.py", line 162, in __exit__
    self.gen.throw(value)
    ~~~~~~~~~~~~~~^^^^^^^
  File "/opt/hostedtoolcache/Python/3.13.7/x64/lib/python3.13/site-packages/httpcore/_exceptions.py", line 14, in map_exceptions
    raise to_exc(exc) from exc
httpcore.ConnectError: [Errno 104] Connection reset by peer

The above exception was the direct cause of the following exception:

Traceback (most recent call last):
  File "/home/runner/work/rand-frieren/rand-frieren/src/frames_util.py", line 61, in download_frame
    response = client.get(frame_url)
  File "/opt/hostedtoolcache/Python/3.13.7/x64/lib/python3.13/site-packages/httpx/_client.py", line 1053, in get
    return self.request(
           ~~~~~~~~~~~~^
        "GET",
        ^^^^^^
    ...<7 lines>...
        extensions=extensions,
        ^^^^^^^^^^^^^^^^^^^^^^
    )
    ^
  File "/opt/hostedtoolcache/Python/3.13.7/x64/lib/python3.13/site-packages/httpx/_client.py", line 825, in request
    return self.send(request, auth=auth, follow_redirects=follow_redirects)
           ~~~~~~~~~^^^^^^^^^^^^^^^^^^^^^^^^^^^^^^^^^^^^^^^^^^^^^^^^^^^^^^^
  File "/opt/hostedtoolcache/Python/3.13.7/x64/lib/python3.13/site-packages/httpx/_client.py", line 914, in send
    response = self._send_handling_auth(
        request,
    ...<2 lines>...
        history=[],
    )
  File "/opt/hostedtoolcache/Python/3.13.7/x64/lib/python3.13/site-packages/httpx/_client.py", line 942, in _send_handling_auth
    response = self._send_handling_redirects(
        request,
        follow_redirects=follow_redirects,
        history=history,
    )
  File "/opt/hostedtoolcache/Python/3.13.7/x64/lib/python3.13/site-packages/httpx/_client.py", line 979, in _send_handling_redirects
    response = self._send_single_request(request)
  File "/opt/hostedtoolcache/Python/3.13.7/x64/lib/python3.13/site-packages/httpx/_client.py", line 1014, in _send_single_request
    response = transport.handle_request(request)
  File "/opt/hostedtoolcache/Python/3.13.7/x64/lib/python3.13/site-packages/httpx/_transports/default.py", line 249, in handle_request
    with map_httpcore_exceptions():
         ~~~~~~~~~~~~~~~~~~~~~~~^^
  File "/opt/hostedtoolcache/Python/3.13.7/x64/lib/python3.13/contextlib.py", line 162, in __exit__
    self.gen.throw(value)
    ~~~~~~~~~~~~~~^^^^^^^
  File "/opt/hostedtoolcache/Python/3.13.7/x64/lib/python3.13/site-packages/httpx/_transports/default.py", line 118, in map_httpcore_exceptions
    raise mapped_exc(message) from exc
httpx.ConnectError: [Errno 104] Connection reset by peer
2025-09-22 06:38:03,123 - __main__ - ERROR - Error: Frame 1235 from episode 3 not found.
2025-09-22 06:38:03,123 - __main__ - ERROR - ✖ Error processing frame
2025-09-22 06:40:38,531 - src.frames_util - ERROR - Request error while downloading frame 4354 from episode 27: [Errno 104] Connection reset by peer
Traceback (most recent call last):
  File "/opt/hostedtoolcache/Python/3.13.7/x64/lib/python3.13/site-packages/httpx/_transports/default.py", line 101, in map_httpcore_exceptions
    yield
  File "/opt/hostedtoolcache/Python/3.13.7/x64/lib/python3.13/site-packages/httpx/_transports/default.py", line 250, in handle_request
    resp = self._pool.handle_request(req)
  File "/opt/hostedtoolcache/Python/3.13.7/x64/lib/python3.13/site-packages/httpcore/_sync/connection_pool.py", line 256, in handle_request
    raise exc from None
  File "/opt/hostedtoolcache/Python/3.13.7/x64/lib/python3.13/site-packages/httpcore/_sync/connection_pool.py", line 236, in handle_request
    response = connection.handle_request(
        pool_request.request
    )
  File "/opt/hostedtoolcache/Python/3.13.7/x64/lib/python3.13/site-packages/httpcore/_sync/connection.py", line 101, in handle_request
    raise exc
  File "/opt/hostedtoolcache/Python/3.13.7/x64/lib/python3.13/site-packages/httpcore/_sync/connection.py", line 78, in handle_request
    stream = self._connect(request)
  File "/opt/hostedtoolcache/Python/3.13.7/x64/lib/python3.13/site-packages/httpcore/_sync/connection.py", line 156, in _connect
    stream = stream.start_tls(**kwargs)
  File "/opt/hostedtoolcache/Python/3.13.7/x64/lib/python3.13/site-packages/httpcore/_backends/sync.py", line 154, in start_tls
    with map_exceptions(exc_map):
         ~~~~~~~~~~~~~~^^^^^^^^^
  File "/opt/hostedtoolcache/Python/3.13.7/x64/lib/python3.13/contextlib.py", line 162, in __exit__
    self.gen.throw(value)
    ~~~~~~~~~~~~~~^^^^^^^
  File "/opt/hostedtoolcache/Python/3.13.7/x64/lib/python3.13/site-packages/httpcore/_exceptions.py", line 14, in map_exceptions
    raise to_exc(exc) from exc
httpcore.ConnectError: [Errno 104] Connection reset by peer

The above exception was the direct cause of the following exception:

Traceback (most recent call last):
  File "/home/runner/work/rand-frieren/rand-frieren/src/frames_util.py", line 61, in download_frame
    response = client.get(frame_url)
  File "/opt/hostedtoolcache/Python/3.13.7/x64/lib/python3.13/site-packages/httpx/_client.py", line 1053, in get
    return self.request(
           ~~~~~~~~~~~~^
        "GET",
        ^^^^^^
    ...<7 lines>...
        extensions=extensions,
        ^^^^^^^^^^^^^^^^^^^^^^
    )
    ^
  File "/opt/hostedtoolcache/Python/3.13.7/x64/lib/python3.13/site-packages/httpx/_client.py", line 825, in request
    return self.send(request, auth=auth, follow_redirects=follow_redirects)
           ~~~~~~~~~^^^^^^^^^^^^^^^^^^^^^^^^^^^^^^^^^^^^^^^^^^^^^^^^^^^^^^^
  File "/opt/hostedtoolcache/Python/3.13.7/x64/lib/python3.13/site-packages/httpx/_client.py", line 914, in send
    response = self._send_handling_auth(
        request,
    ...<2 lines>...
        history=[],
    )
  File "/opt/hostedtoolcache/Python/3.13.7/x64/lib/python3.13/site-packages/httpx/_client.py", line 942, in _send_handling_auth
    response = self._send_handling_redirects(
        request,
        follow_redirects=follow_redirects,
        history=history,
    )
  File "/opt/hostedtoolcache/Python/3.13.7/x64/lib/python3.13/site-packages/httpx/_client.py", line 979, in _send_handling_redirects
    response = self._send_single_request(request)
  File "/opt/hostedtoolcache/Python/3.13.7/x64/lib/python3.13/site-packages/httpx/_client.py", line 1014, in _send_single_request
    response = transport.handle_request(request)
  File "/opt/hostedtoolcache/Python/3.13.7/x64/lib/python3.13/site-packages/httpx/_transports/default.py", line 249, in handle_request
    with map_httpcore_exceptions():
         ~~~~~~~~~~~~~~~~~~~~~~~^^
  File "/opt/hostedtoolcache/Python/3.13.7/x64/lib/python3.13/contextlib.py", line 162, in __exit__
    self.gen.throw(value)
    ~~~~~~~~~~~~~~^^^^^^^
  File "/opt/hostedtoolcache/Python/3.13.7/x64/lib/python3.13/site-packages/httpx/_transports/default.py", line 118, in map_httpcore_exceptions
    raise mapped_exc(message) from exc
httpx.ConnectError: [Errno 104] Connection reset by peer
2025-09-22 06:40:38,533 - __main__ - ERROR - Error: Frame 4354 from episode 27 not found.
2025-09-22 06:40:38,533 - __main__ - ERROR - ✖ Error processing frame
2025-09-22 06:43:04,186 - src.frames_util - ERROR - Request error while downloading frame 3823 from episode 10: [Errno 104] Connection reset by peer
Traceback (most recent call last):
  File "/opt/hostedtoolcache/Python/3.13.7/x64/lib/python3.13/site-packages/httpx/_transports/default.py", line 101, in map_httpcore_exceptions
    yield
  File "/opt/hostedtoolcache/Python/3.13.7/x64/lib/python3.13/site-packages/httpx/_transports/default.py", line 250, in handle_request
    resp = self._pool.handle_request(req)
  File "/opt/hostedtoolcache/Python/3.13.7/x64/lib/python3.13/site-packages/httpcore/_sync/connection_pool.py", line 256, in handle_request
    raise exc from None
  File "/opt/hostedtoolcache/Python/3.13.7/x64/lib/python3.13/site-packages/httpcore/_sync/connection_pool.py", line 236, in handle_request
    response = connection.handle_request(
        pool_request.request
    )
  File "/opt/hostedtoolcache/Python/3.13.7/x64/lib/python3.13/site-packages/httpcore/_sync/connection.py", line 101, in handle_request
    raise exc
  File "/opt/hostedtoolcache/Python/3.13.7/x64/lib/python3.13/site-packages/httpcore/_sync/connection.py", line 78, in handle_request
    stream = self._connect(request)
  File "/opt/hostedtoolcache/Python/3.13.7/x64/lib/python3.13/site-packages/httpcore/_sync/connection.py", line 156, in _connect
    stream = stream.start_tls(**kwargs)
  File "/opt/hostedtoolcache/Python/3.13.7/x64/lib/python3.13/site-packages/httpcore/_backends/sync.py", line 154, in start_tls
    with map_exceptions(exc_map):
         ~~~~~~~~~~~~~~^^^^^^^^^
  File "/opt/hostedtoolcache/Python/3.13.7/x64/lib/python3.13/contextlib.py", line 162, in __exit__
    self.gen.throw(value)
    ~~~~~~~~~~~~~~^^^^^^^
  File "/opt/hostedtoolcache/Python/3.13.7/x64/lib/python3.13/site-packages/httpcore/_exceptions.py", line 14, in map_exceptions
    raise to_exc(exc) from exc
httpcore.ConnectError: [Errno 104] Connection reset by peer

The above exception was the direct cause of the following exception:

Traceback (most recent call last):
  File "/home/runner/work/rand-frieren/rand-frieren/src/frames_util.py", line 61, in download_frame
    response = client.get(frame_url)
  File "/opt/hostedtoolcache/Python/3.13.7/x64/lib/python3.13/site-packages/httpx/_client.py", line 1053, in get
    return self.request(
           ~~~~~~~~~~~~^
        "GET",
        ^^^^^^
    ...<7 lines>...
        extensions=extensions,
        ^^^^^^^^^^^^^^^^^^^^^^
    )
    ^
  File "/opt/hostedtoolcache/Python/3.13.7/x64/lib/python3.13/site-packages/httpx/_client.py", line 825, in request
    return self.send(request, auth=auth, follow_redirects=follow_redirects)
           ~~~~~~~~~^^^^^^^^^^^^^^^^^^^^^^^^^^^^^^^^^^^^^^^^^^^^^^^^^^^^^^^
  File "/opt/hostedtoolcache/Python/3.13.7/x64/lib/python3.13/site-packages/httpx/_client.py", line 914, in send
    response = self._send_handling_auth(
        request,
    ...<2 lines>...
        history=[],
    )
  File "/opt/hostedtoolcache/Python/3.13.7/x64/lib/python3.13/site-packages/httpx/_client.py", line 942, in _send_handling_auth
    response = self._send_handling_redirects(
        request,
        follow_redirects=follow_redirects,
        history=history,
    )
  File "/opt/hostedtoolcache/Python/3.13.7/x64/lib/python3.13/site-packages/httpx/_client.py", line 979, in _send_handling_redirects
    response = self._send_single_request(request)
  File "/opt/hostedtoolcache/Python/3.13.7/x64/lib/python3.13/site-packages/httpx/_client.py", line 1014, in _send_single_request
    response = transport.handle_request(request)
  File "/opt/hostedtoolcache/Python/3.13.7/x64/lib/python3.13/site-packages/httpx/_transports/default.py", line 249, in handle_request
    with map_httpcore_exceptions():
         ~~~~~~~~~~~~~~~~~~~~~~~^^
  File "/opt/hostedtoolcache/Python/3.13.7/x64/lib/python3.13/contextlib.py", line 162, in __exit__
    self.gen.throw(value)
    ~~~~~~~~~~~~~~^^^^^^^
  File "/opt/hostedtoolcache/Python/3.13.7/x64/lib/python3.13/site-packages/httpx/_transports/default.py", line 118, in map_httpcore_exceptions
    raise mapped_exc(message) from exc
httpx.ConnectError: [Errno 104] Connection reset by peer
2025-09-22 06:43:04,189 - __main__ - ERROR - Error: Frame 3823 from episode 10 not found.
2025-09-22 06:43:04,189 - __main__ - ERROR - ✖ Error processing frame
2025-10-24 03:33:24,958 - src.poster - ERROR - ✖ Error posting frame: Client error '400 Bad Request' for url 'https://graph.facebook.com/v21.0//me/photos?access_token=EAAMplsD3FFQBO9dn0XRGPN7Cx41kiuvXbA8fyZB9u9jvNPVrOksZAZBIKfftiLnReqc8AXVG3HpIfeHacIXOR9VaeJWF5oIZC9AKpXLj76PwkVMchfoCmOtUwkWzuvWKsidGi1osFocBi0xlponZC8jJzqwcnbcsp155zjaj4cTaZC4RudGec1ZCC9qJlZAAmHcZD&message=%5BRandom%5D+Frame%0A%0ASeason%3A+1%2C+Episode%3A+5%2C+Frame%3A+3660%0ATimestamp%3A+0%3A17%3A25.71%0A%0ADownload%3A+https%3A%2F%2Fjavaraf.github.io%2Fframe-view%2F%3Fseason%3D1%26episode%3D5%26frame%3D3660%0A'
For more information check: https://developer.mozilla.org/en-US/docs/Web/HTTP/Status/400
2025-10-24 03:33:24,958 - __main__ - ERROR - ✖ Failed to post frame data
2025-10-24 03:35:30,875 - src.poster - ERROR - ✖ Error posting frame: Client error '400 Bad Request' for url 'https://graph.facebook.com/v21.0//me/photos?access_token=EAAMplsD3FFQBO9dn0XRGPN7Cx41kiuvXbA8fyZB9u9jvNPVrOksZAZBIKfftiLnReqc8AXVG3HpIfeHacIXOR9VaeJWF5oIZC9AKpXLj76PwkVMchfoCmOtUwkWzuvWKsidGi1osFocBi0xlponZC8jJzqwcnbcsp155zjaj4cTaZC4RudGec1ZCC9qJlZAAmHcZD&message=%5BRandom%5D+Frame%0A%0ASeason%3A+1%2C+Episode%3A+22%2C+Frame%3A+1098%0ATimestamp%3A+0%3A05%3A13.71%0A%0ADownload%3A+https%3A%2F%2Fjavaraf.github.io%2Fframe-view%2F%3Fseason%3D1%26episode%3D22%26frame%3D1098%0A'
For more information check: https://developer.mozilla.org/en-US/docs/Web/HTTP/Status/400
2025-10-24 03:35:30,875 - __main__ - ERROR - ✖ Failed to post frame data
2025-10-24 03:37:36,804 - src.poster - ERROR - ✖ Error posting frame: Client error '400 Bad Request' for url 'https://graph.facebook.com/v21.0//me/photos?access_token=EAAMplsD3FFQBO9dn0XRGPN7Cx41kiuvXbA8fyZB9u9jvNPVrOksZAZBIKfftiLnReqc8AXVG3HpIfeHacIXOR9VaeJWF5oIZC9AKpXLj76PwkVMchfoCmOtUwkWzuvWKsidGi1osFocBi0xlponZC8jJzqwcnbcsp155zjaj4cTaZC4RudGec1ZCC9qJlZAAmHcZD&message=%5BRandom%5D+Frame%0A%0ASeason%3A+1%2C+Episode%3A+18%2C+Frame%3A+1443%0ATimestamp%3A+0%3A06%3A52.28%0A%0ADownload%3A+https%3A%2F%2Fjavaraf.github.io%2Fframe-view%2F%3Fseason%3D1%26episode%3D18%26frame%3D1443%0A'
For more information check: https://developer.mozilla.org/en-US/docs/Web/HTTP/Status/400
2025-10-24 03:37:36,804 - __main__ - ERROR - ✖ Failed to post frame data
2025-10-24 03:39:42,912 - src.poster - ERROR - ✖ Error posting frame: Client error '400 Bad Request' for url 'https://graph.facebook.com/v21.0//me/photos?access_token=EAAMplsD3FFQBO9dn0XRGPN7Cx41kiuvXbA8fyZB9u9jvNPVrOksZAZBIKfftiLnReqc8AXVG3HpIfeHacIXOR9VaeJWF5oIZC9AKpXLj76PwkVMchfoCmOtUwkWzuvWKsidGi1osFocBi0xlponZC8jJzqwcnbcsp155zjaj4cTaZC4RudGec1ZCC9qJlZAAmHcZD&message=%5BRandom%5D+Frame%0A%0ASeason%3A+1%2C+Episode%3A+25%2C+Frame%3A+3126%0ATimestamp%3A+0%3A14%3A53.14%0A%0ADownload%3A+https%3A%2F%2Fjavaraf.github.io%2Fframe-view%2F%3Fseason%3D1%26episode%3D25%26frame%3D3126%0A'
For more information check: https://developer.mozilla.org/en-US/docs/Web/HTTP/Status/400
2025-10-24 03:39:42,913 - __main__ - ERROR - ✖ Failed to post frame data
2025-10-24 03:41:49,060 - src.poster - ERROR - ✖ Error posting frame: Client error '400 Bad Request' for url 'https://graph.facebook.com/v21.0//me/photos?access_token=EAAMplsD3FFQBO9dn0XRGPN7Cx41kiuvXbA8fyZB9u9jvNPVrOksZAZBIKfftiLnReqc8AXVG3HpIfeHacIXOR9VaeJWF5oIZC9AKpXLj76PwkVMchfoCmOtUwkWzuvWKsidGi1osFocBi0xlponZC8jJzqwcnbcsp155zjaj4cTaZC4RudGec1ZCC9qJlZAAmHcZD&message=%5BRandom%5D+Frame%0A%0ASeason%3A+1%2C+Episode%3A+25%2C+Frame%3A+210%0ATimestamp%3A+0%3A01%3A00.00%0A%0ADownload%3A+https%3A%2F%2Fjavaraf.github.io%2Fframe-view%2F%3Fseason%3D1%26episode%3D25%26frame%3D210%0A'
For more information check: https://developer.mozilla.org/en-US/docs/Web/HTTP/Status/400
2025-10-24 03:41:49,060 - __main__ - ERROR - ✖ Failed to post frame data
2025-10-24 03:43:54,755 - src.poster - ERROR - ✖ Error posting frame: Client error '400 Bad Request' for url 'https://graph.facebook.com/v21.0//me/photos?access_token=EAAMplsD3FFQBO9dn0XRGPN7Cx41kiuvXbA8fyZB9u9jvNPVrOksZAZBIKfftiLnReqc8AXVG3HpIfeHacIXOR9VaeJWF5oIZC9AKpXLj76PwkVMchfoCmOtUwkWzuvWKsidGi1osFocBi0xlponZC8jJzqwcnbcsp155zjaj4cTaZC4RudGec1ZCC9qJlZAAmHcZD&message=%5BRandom%5D+Frame%0A%0ASeason%3A+1%2C+Episode%3A+1%2C+Frame%3A+3773%0ATimestamp%3A+0%3A17%3A58.00%0A%0ADownload%3A+https%3A%2F%2Fjavaraf.github.io%2Fframe-view%2F%3Fseason%3D1%26episode%3D1%26frame%3D3773%0A'
For more information check: https://developer.mozilla.org/en-US/docs/Web/HTTP/Status/400
2025-10-24 03:43:54,755 - __main__ - ERROR - ✖ Failed to post frame data
2025-10-24 03:46:00,907 - src.poster - ERROR - ✖ Error posting frame: Client error '400 Bad Request' for url 'https://graph.facebook.com/v21.0//me/photos?access_token=EAAMplsD3FFQBO9dn0XRGPN7Cx41kiuvXbA8fyZB9u9jvNPVrOksZAZBIKfftiLnReqc8AXVG3HpIfeHacIXOR9VaeJWF5oIZC9AKpXLj76PwkVMchfoCmOtUwkWzuvWKsidGi1osFocBi0xlponZC8jJzqwcnbcsp155zjaj4cTaZC4RudGec1ZCC9qJlZAAmHcZD&message=%5BRandom%5D+Frame%0A%0ASeason%3A+1%2C+Episode%3A+15%2C+Frame%3A+691%0ATimestamp%3A+0%3A03%3A17.42%0A%0ADownload%3A+https%3A%2F%2Fjavaraf.github.io%2Fframe-view%2F%3Fseason%3D1%26episode%3D15%26frame%3D691%0A'
For more information check: https://developer.mozilla.org/en-US/docs/Web/HTTP/Status/400
2025-10-24 03:46:00,907 - __main__ - ERROR - ✖ Failed to post frame data
2025-10-24 03:48:07,005 - src.poster - ERROR - ✖ Error posting frame: Client error '400 Bad Request' for url 'https://graph.facebook.com/v21.0//me/photos?access_token=EAAMplsD3FFQBO9dn0XRGPN7Cx41kiuvXbA8fyZB9u9jvNPVrOksZAZBIKfftiLnReqc8AXVG3HpIfeHacIXOR9VaeJWF5oIZC9AKpXLj76PwkVMchfoCmOtUwkWzuvWKsidGi1osFocBi0xlponZC8jJzqwcnbcsp155zjaj4cTaZC4RudGec1ZCC9qJlZAAmHcZD&message=%5BRandom%5D+Frame%0A%0ASeason%3A+1%2C+Episode%3A+7%2C+Frame%3A+1261%0ATimestamp%3A+0%3A06%3A00.28%0A%0ADownload%3A+https%3A%2F%2Fjavaraf.github.io%2Fframe-view%2F%3Fseason%3D1%26episode%3D7%26frame%3D1261%0A'
For more information check: https://developer.mozilla.org/en-US/docs/Web/HTTP/Status/400
2025-10-24 03:48:07,005 - __main__ - ERROR - ✖ Failed to post frame data
2025-10-24 03:50:13,034 - src.poster - ERROR - ✖ Error posting frame: Client error '400 Bad Request' for url 'https://graph.facebook.com/v21.0//me/photos?access_token=EAAMplsD3FFQBO9dn0XRGPN7Cx41kiuvXbA8fyZB9u9jvNPVrOksZAZBIKfftiLnReqc8AXVG3HpIfeHacIXOR9VaeJWF5oIZC9AKpXLj76PwkVMchfoCmOtUwkWzuvWKsidGi1osFocBi0xlponZC8jJzqwcnbcsp155zjaj4cTaZC4RudGec1ZCC9qJlZAAmHcZD&message=%5BRandom%5D+Frame%0A%0ASeason%3A+1%2C+Episode%3A+20%2C+Frame%3A+2860%0ATimestamp%3A+0%3A13%3A37.14%0A%0ADownload%3A+https%3A%2F%2Fjavaraf.github.io%2Fframe-view%2F%3Fseason%3D1%26episode%3D20%26frame%3D2860%0A'
For more information check: https://developer.mozilla.org/en-US/docs/Web/HTTP/Status/400
2025-10-24 03:50:13,034 - __main__ - ERROR - ✖ Failed to post frame data
2025-10-24 03:52:18,704 - src.poster - ERROR - ✖ Error posting frame: Client error '400 Bad Request' for url 'https://graph.facebook.com/v21.0//me/photos?access_token=EAAMplsD3FFQBO9dn0XRGPN7Cx41kiuvXbA8fyZB9u9jvNPVrOksZAZBIKfftiLnReqc8AXVG3HpIfeHacIXOR9VaeJWF5oIZC9AKpXLj76PwkVMchfoCmOtUwkWzuvWKsidGi1osFocBi0xlponZC8jJzqwcnbcsp155zjaj4cTaZC4RudGec1ZCC9qJlZAAmHcZD&message=%5BRandom%5D+Frame%0A%0ASeason%3A+1%2C+Episode%3A+11%2C+Frame%3A+1001%0ATimestamp%3A+0%3A04%3A46.00%0A%0ADownload%3A+https%3A%2F%2Fjavaraf.github.io%2Fframe-view%2F%3Fseason%3D1%26episode%3D11%26frame%3D1001%0A'
For more information check: https://developer.mozilla.org/en-US/docs/Web/HTTP/Status/400
2025-10-24 03:52:18,704 - __main__ - ERROR - ✖ Failed to post frame data
2025-10-24 06:29:04,813 - src.poster - ERROR - ✖ Error posting frame: Client error '400 Bad Request' for url 'https://graph.facebook.com/v21.0//me/photos?access_token=EAAMplsD3FFQBO9dn0XRGPN7Cx41kiuvXbA8fyZB9u9jvNPVrOksZAZBIKfftiLnReqc8AXVG3HpIfeHacIXOR9VaeJWF5oIZC9AKpXLj76PwkVMchfoCmOtUwkWzuvWKsidGi1osFocBi0xlponZC8jJzqwcnbcsp155zjaj4cTaZC4RudGec1ZCC9qJlZAAmHcZD&message=%5BRandom%5D+Frame%0A%0ASeason%3A+1%2C+Episode%3A+5%2C+Frame%3A+2691%0ATimestamp%3A+0%3A12%3A48.85%0A%0ADownload%3A+https%3A%2F%2Fjavaraf.github.io%2Fframe-view%2F%3Fseason%3D1%26episode%3D5%26frame%3D2691%0A'
For more information check: https://developer.mozilla.org/en-US/docs/Web/HTTP/Status/400
2025-10-24 06:29:04,813 - __main__ - ERROR - ✖ Failed to post frame data
2025-10-24 06:31:10,678 - src.poster - ERROR - ✖ Error posting frame: Client error '400 Bad Request' for url 'https://graph.facebook.com/v21.0//me/photos?access_token=EAAMplsD3FFQBO9dn0XRGPN7Cx41kiuvXbA8fyZB9u9jvNPVrOksZAZBIKfftiLnReqc8AXVG3HpIfeHacIXOR9VaeJWF5oIZC9AKpXLj76PwkVMchfoCmOtUwkWzuvWKsidGi1osFocBi0xlponZC8jJzqwcnbcsp155zjaj4cTaZC4RudGec1ZCC9qJlZAAmHcZD&message=%5BRandom%5D+Frame%0A%0ASeason%3A+1%2C+Episode%3A+4%2C+Frame%3A+5207%0ATimestamp%3A+0%3A24%3A47.71%0A%0ADownload%3A+https%3A%2F%2Fjavaraf.github.io%2Fframe-view%2F%3Fseason%3D1%26episode%3D4%26frame%3D5207%0A'
For more information check: https://developer.mozilla.org/en-US/docs/Web/HTTP/Status/400
2025-10-24 06:31:10,678 - __main__ - ERROR - ✖ Failed to post frame data
2025-10-24 06:33:16,760 - src.poster - ERROR - ✖ Error posting frame: Client error '400 Bad Request' for url 'https://graph.facebook.com/v21.0//me/photos?access_token=EAAMplsD3FFQBO9dn0XRGPN7Cx41kiuvXbA8fyZB9u9jvNPVrOksZAZBIKfftiLnReqc8AXVG3HpIfeHacIXOR9VaeJWF5oIZC9AKpXLj76PwkVMchfoCmOtUwkWzuvWKsidGi1osFocBi0xlponZC8jJzqwcnbcsp155zjaj4cTaZC4RudGec1ZCC9qJlZAAmHcZD&message=%5BRandom%5D+Frame%0A%0ASeason%3A+1%2C+Episode%3A+21%2C+Frame%3A+59%0ATimestamp%3A+0%3A00%3A16.85%0A%0ADownload%3A+https%3A%2F%2Fjavaraf.github.io%2Fframe-view%2F%3Fseason%3D1%26episode%3D21%26frame%3D59%0A'
For more information check: https://developer.mozilla.org/en-US/docs/Web/HTTP/Status/400
2025-10-24 06:33:16,760 - __main__ - ERROR - ✖ Failed to post frame data
2025-10-24 06:35:22,969 - src.poster - ERROR - ✖ Error posting frame: Client error '400 Bad Request' for url 'https://graph.facebook.com/v21.0//me/photos?access_token=EAAMplsD3FFQBO9dn0XRGPN7Cx41kiuvXbA8fyZB9u9jvNPVrOksZAZBIKfftiLnReqc8AXVG3HpIfeHacIXOR9VaeJWF5oIZC9AKpXLj76PwkVMchfoCmOtUwkWzuvWKsidGi1osFocBi0xlponZC8jJzqwcnbcsp155zjaj4cTaZC4RudGec1ZCC9qJlZAAmHcZD&message=%5BRandom%5D+Frame%0A%0ASeason%3A+1%2C+Episode%3A+15%2C+Frame%3A+1189%0ATimestamp%3A+0%3A05%3A39.71%0A%0ADownload%3A+https%3A%2F%2Fjavaraf.github.io%2Fframe-view%2F%3Fseason%3D1%26episode%3D15%26frame%3D1189%0A'
For more information check: https://developer.mozilla.org/en-US/docs/Web/HTTP/Status/400
2025-10-24 06:35:22,969 - __main__ - ERROR - ✖ Failed to post frame data
2025-10-24 06:37:29,053 - src.poster - ERROR - ✖ Error posting frame: Client error '400 Bad Request' for url 'https://graph.facebook.com/v21.0//me/photos?access_token=EAAMplsD3FFQBO9dn0XRGPN7Cx41kiuvXbA8fyZB9u9jvNPVrOksZAZBIKfftiLnReqc8AXVG3HpIfeHacIXOR9VaeJWF5oIZC9AKpXLj76PwkVMchfoCmOtUwkWzuvWKsidGi1osFocBi0xlponZC8jJzqwcnbcsp155zjaj4cTaZC4RudGec1ZCC9qJlZAAmHcZD&message=%5BRandom%5D+Frame%0A%0ASeason%3A+1%2C+Episode%3A+18%2C+Frame%3A+4394%0ATimestamp%3A+0%3A20%3A55.42%0A%0ADownload%3A+https%3A%2F%2Fjavaraf.github.io%2Fframe-view%2F%3Fseason%3D1%26episode%3D18%26frame%3D4394%0A'
For more information check: https://developer.mozilla.org/en-US/docs/Web/HTTP/Status/400
2025-10-24 06:37:29,053 - __main__ - ERROR - ✖ Failed to post frame data
2025-10-24 06:39:35,144 - src.poster - ERROR - ✖ Error posting frame: Client error '400 Bad Request' for url 'https://graph.facebook.com/v21.0//me/photos?access_token=EAAMplsD3FFQBO9dn0XRGPN7Cx41kiuvXbA8fyZB9u9jvNPVrOksZAZBIKfftiLnReqc8AXVG3HpIfeHacIXOR9VaeJWF5oIZC9AKpXLj76PwkVMchfoCmOtUwkWzuvWKsidGi1osFocBi0xlponZC8jJzqwcnbcsp155zjaj4cTaZC4RudGec1ZCC9qJlZAAmHcZD&message=%5BRandom%5D+Frame%0A%0ASeason%3A+1%2C+Episode%3A+6%2C+Frame%3A+3795%0ATimestamp%3A+0%3A18%3A04.28%0A%0ADownload%3A+https%3A%2F%2Fjavaraf.github.io%2Fframe-view%2F%3Fseason%3D1%26episode%3D6%26frame%3D3795%0A'
For more information check: https://developer.mozilla.org/en-US/docs/Web/HTTP/Status/400
2025-10-24 06:39:35,144 - __main__ - ERROR - ✖ Failed to post frame data
2025-10-24 06:41:41,267 - src.poster - ERROR - ✖ Error posting frame: Client error '400 Bad Request' for url 'https://graph.facebook.com/v21.0//me/photos?access_token=EAAMplsD3FFQBO9dn0XRGPN7Cx41kiuvXbA8fyZB9u9jvNPVrOksZAZBIKfftiLnReqc8AXVG3HpIfeHacIXOR9VaeJWF5oIZC9AKpXLj76PwkVMchfoCmOtUwkWzuvWKsidGi1osFocBi0xlponZC8jJzqwcnbcsp155zjaj4cTaZC4RudGec1ZCC9qJlZAAmHcZD&message=%5BRandom%5D+Frame%0A%0ASeason%3A+1%2C+Episode%3A+18%2C+Frame%3A+4653%0ATimestamp%3A+0%3A22%3A09.42%0A%0ADownload%3A+https%3A%2F%2Fjavaraf.github.io%2Fframe-view%2F%3Fseason%3D1%26episode%3D18%26frame%3D4653%0A'
For more information check: https://developer.mozilla.org/en-US/docs/Web/HTTP/Status/400
2025-10-24 06:41:41,267 - __main__ - ERROR - ✖ Failed to post frame data
2025-10-24 06:43:47,274 - src.poster - ERROR - ✖ Error posting frame: Client error '400 Bad Request' for url 'https://graph.facebook.com/v21.0//me/photos?access_token=EAAMplsD3FFQBO9dn0XRGPN7Cx41kiuvXbA8fyZB9u9jvNPVrOksZAZBIKfftiLnReqc8AXVG3HpIfeHacIXOR9VaeJWF5oIZC9AKpXLj76PwkVMchfoCmOtUwkWzuvWKsidGi1osFocBi0xlponZC8jJzqwcnbcsp155zjaj4cTaZC4RudGec1ZCC9qJlZAAmHcZD&message=%5BRandom%5D+Frame%0A%0ASeason%3A+1%2C+Episode%3A+19%2C+Frame%3A+2465%0ATimestamp%3A+0%3A11%3A44.28%0A%0ADownload%3A+https%3A%2F%2Fjavaraf.github.io%2Fframe-view%2F%3Fseason%3D1%26episode%3D19%26frame%3D2465%0A'
For more information check: https://developer.mozilla.org/en-US/docs/Web/HTTP/Status/400
2025-10-24 06:43:47,274 - __main__ - ERROR - ✖ Failed to post frame data
2025-10-24 06:45:52,932 - src.poster - ERROR - ✖ Error posting frame: Client error '400 Bad Request' for url 'https://graph.facebook.com/v21.0//me/photos?access_token=EAAMplsD3FFQBO9dn0XRGPN7Cx41kiuvXbA8fyZB9u9jvNPVrOksZAZBIKfftiLnReqc8AXVG3HpIfeHacIXOR9VaeJWF5oIZC9AKpXLj76PwkVMchfoCmOtUwkWzuvWKsidGi1osFocBi0xlponZC8jJzqwcnbcsp155zjaj4cTaZC4RudGec1ZCC9qJlZAAmHcZD&message=%5BRandom%5D+Frame%0A%0ASeason%3A+1%2C+Episode%3A+28%2C+Frame%3A+2447%0ATimestamp%3A+0%3A11%3A39.14%0A%0ADownload%3A+https%3A%2F%2Fjavaraf.github.io%2Fframe-view%2F%3Fseason%3D1%26episode%3D28%26frame%3D2447%0A'
For more information check: https://developer.mozilla.org/en-US/docs/Web/HTTP/Status/400
2025-10-24 06:45:52,933 - __main__ - ERROR - ✖ Failed to post frame data
2025-10-24 06:47:58,973 - src.poster - ERROR - ✖ Error posting frame: Client error '400 Bad Request' for url 'https://graph.facebook.com/v21.0//me/photos?access_token=EAAMplsD3FFQBO9dn0XRGPN7Cx41kiuvXbA8fyZB9u9jvNPVrOksZAZBIKfftiLnReqc8AXVG3HpIfeHacIXOR9VaeJWF5oIZC9AKpXLj76PwkVMchfoCmOtUwkWzuvWKsidGi1osFocBi0xlponZC8jJzqwcnbcsp155zjaj4cTaZC4RudGec1ZCC9qJlZAAmHcZD&message=%5BRandom%5D+Frame%0A%0ASeason%3A+1%2C+Episode%3A+18%2C+Frame%3A+3515%0ATimestamp%3A+0%3A16%3A44.28%0A%0ADownload%3A+https%3A%2F%2Fjavaraf.github.io%2Fframe-view%2F%3Fseason%3D1%26episode%3D18%26frame%3D3515%0A'
For more information check: https://developer.mozilla.org/en-US/docs/Web/HTTP/Status/400
2025-10-24 06:47:58,973 - __main__ - ERROR - ✖ Failed to post frame data
2025-10-24 09:22:18,594 - src.poster - ERROR - ✖ Error posting frame: Client error '400 Bad Request' for url 'https://graph.facebook.com/v21.0//me/photos?access_token=EAAMplsD3FFQBO9dn0XRGPN7Cx41kiuvXbA8fyZB9u9jvNPVrOksZAZBIKfftiLnReqc8AXVG3HpIfeHacIXOR9VaeJWF5oIZC9AKpXLj76PwkVMchfoCmOtUwkWzuvWKsidGi1osFocBi0xlponZC8jJzqwcnbcsp155zjaj4cTaZC4RudGec1ZCC9qJlZAAmHcZD&message=%5BRandom%5D+Frame%0A%0ASeason%3A+1%2C+Episode%3A+5%2C+Frame%3A+2990%0ATimestamp%3A+0%3A14%3A14.28%0A%0ADownload%3A+https%3A%2F%2Fjavaraf.github.io%2Fframe-view%2F%3Fseason%3D1%26episode%3D5%26frame%3D2990%0A'
For more information check: https://developer.mozilla.org/en-US/docs/Web/HTTP/Status/400
2025-10-24 09:22:18,594 - __main__ - ERROR - ✖ Failed to post frame data
2025-10-24 09:24:24,122 - src.poster - ERROR - ✖ Error posting frame: Client error '400 Bad Request' for url 'https://graph.facebook.com/v21.0//me/photos?access_token=EAAMplsD3FFQBO9dn0XRGPN7Cx41kiuvXbA8fyZB9u9jvNPVrOksZAZBIKfftiLnReqc8AXVG3HpIfeHacIXOR9VaeJWF5oIZC9AKpXLj76PwkVMchfoCmOtUwkWzuvWKsidGi1osFocBi0xlponZC8jJzqwcnbcsp155zjaj4cTaZC4RudGec1ZCC9qJlZAAmHcZD&message=%5BRandom%5D+Frame%0A%0ASeason%3A+1%2C+Episode%3A+26%2C+Frame%3A+2490%0ATimestamp%3A+0%3A11%3A51.42%0A%0ADownload%3A+https%3A%2F%2Fjavaraf.github.io%2Fframe-view%2F%3Fseason%3D1%26episode%3D26%26frame%3D2490%0A'
For more information check: https://developer.mozilla.org/en-US/docs/Web/HTTP/Status/400
2025-10-24 09:24:24,123 - __main__ - ERROR - ✖ Failed to post frame data
2025-10-24 09:26:29,620 - src.poster - ERROR - ✖ Error posting frame: Client error '400 Bad Request' for url 'https://graph.facebook.com/v21.0//me/photos?access_token=EAAMplsD3FFQBO9dn0XRGPN7Cx41kiuvXbA8fyZB9u9jvNPVrOksZAZBIKfftiLnReqc8AXVG3HpIfeHacIXOR9VaeJWF5oIZC9AKpXLj76PwkVMchfoCmOtUwkWzuvWKsidGi1osFocBi0xlponZC8jJzqwcnbcsp155zjaj4cTaZC4RudGec1ZCC9qJlZAAmHcZD&message=%5BRandom%5D+Frame%0A%0ASeason%3A+1%2C+Episode%3A+3%2C+Frame%3A+4515%0ATimestamp%3A+0%3A21%3A30.00%0A%0ADownload%3A+https%3A%2F%2Fjavaraf.github.io%2Fframe-view%2F%3Fseason%3D1%26episode%3D3%26frame%3D4515%0A'
For more information check: https://developer.mozilla.org/en-US/docs/Web/HTTP/Status/400
2025-10-24 09:26:29,620 - __main__ - ERROR - ✖ Failed to post frame data
2025-10-24 09:28:35,294 - src.poster - ERROR - ✖ Error posting frame: Client error '400 Bad Request' for url 'https://graph.facebook.com/v21.0//me/photos?access_token=EAAMplsD3FFQBO9dn0XRGPN7Cx41kiuvXbA8fyZB9u9jvNPVrOksZAZBIKfftiLnReqc8AXVG3HpIfeHacIXOR9VaeJWF5oIZC9AKpXLj76PwkVMchfoCmOtUwkWzuvWKsidGi1osFocBi0xlponZC8jJzqwcnbcsp155zjaj4cTaZC4RudGec1ZCC9qJlZAAmHcZD&message=%5BRandom%5D+Frame%0A%0ASeason%3A+1%2C+Episode%3A+18%2C+Frame%3A+831%0ATimestamp%3A+0%3A03%3A57.42%0A%0ADownload%3A+https%3A%2F%2Fjavaraf.github.io%2Fframe-view%2F%3Fseason%3D1%26episode%3D18%26frame%3D831%0A'
For more information check: https://developer.mozilla.org/en-US/docs/Web/HTTP/Status/400
2025-10-24 09:28:35,294 - __main__ - ERROR - ✖ Failed to post frame data
2025-10-24 09:30:40,894 - src.poster - ERROR - ✖ Error posting frame: Client error '400 Bad Request' for url 'https://graph.facebook.com/v21.0//me/photos?access_token=EAAMplsD3FFQBO9dn0XRGPN7Cx41kiuvXbA8fyZB9u9jvNPVrOksZAZBIKfftiLnReqc8AXVG3HpIfeHacIXOR9VaeJWF5oIZC9AKpXLj76PwkVMchfoCmOtUwkWzuvWKsidGi1osFocBi0xlponZC8jJzqwcnbcsp155zjaj4cTaZC4RudGec1ZCC9qJlZAAmHcZD&message=%5BRandom%5D+Frame%0A%0ASeason%3A+1%2C+Episode%3A+27%2C+Frame%3A+1934%0ATimestamp%3A+0%3A09%3A12.57%0A%0ADownload%3A+https%3A%2F%2Fjavaraf.github.io%2Fframe-view%2F%3Fseason%3D1%26episode%3D27%26frame%3D1934%0A'
For more information check: https://developer.mozilla.org/en-US/docs/Web/HTTP/Status/400
2025-10-24 09:30:40,894 - __main__ - ERROR - ✖ Failed to post frame data
2025-10-24 09:32:46,435 - src.poster - ERROR - ✖ Error posting frame: Client error '400 Bad Request' for url 'https://graph.facebook.com/v21.0//me/photos?access_token=EAAMplsD3FFQBO9dn0XRGPN7Cx41kiuvXbA8fyZB9u9jvNPVrOksZAZBIKfftiLnReqc8AXVG3HpIfeHacIXOR9VaeJWF5oIZC9AKpXLj76PwkVMchfoCmOtUwkWzuvWKsidGi1osFocBi0xlponZC8jJzqwcnbcsp155zjaj4cTaZC4RudGec1ZCC9qJlZAAmHcZD&message=%5BRandom%5D+Frame%0A%0ASeason%3A+1%2C+Episode%3A+22%2C+Frame%3A+3310%0ATimestamp%3A+0%3A15%3A45.71%0A%0ADownload%3A+https%3A%2F%2Fjavaraf.github.io%2Fframe-view%2F%3Fseason%3D1%26episode%3D22%26frame%3D3310%0A'
For more information check: https://developer.mozilla.org/en-US/docs/Web/HTTP/Status/400
2025-10-24 09:32:46,435 - __main__ - ERROR - ✖ Failed to post frame data
2025-10-24 09:34:51,941 - src.poster - ERROR - ✖ Error posting frame: Client error '400 Bad Request' for url 'https://graph.facebook.com/v21.0//me/photos?access_token=EAAMplsD3FFQBO9dn0XRGPN7Cx41kiuvXbA8fyZB9u9jvNPVrOksZAZBIKfftiLnReqc8AXVG3HpIfeHacIXOR9VaeJWF5oIZC9AKpXLj76PwkVMchfoCmOtUwkWzuvWKsidGi1osFocBi0xlponZC8jJzqwcnbcsp155zjaj4cTaZC4RudGec1ZCC9qJlZAAmHcZD&message=%5BRandom%5D+Frame%0A%0ASeason%3A+1%2C+Episode%3A+5%2C+Frame%3A+1156%0ATimestamp%3A+0%3A05%3A30.28%0A%0ADownload%3A+https%3A%2F%2Fjavaraf.github.io%2Fframe-view%2F%3Fseason%3D1%26episode%3D5%26frame%3D1156%0A'
For more information check: https://developer.mozilla.org/en-US/docs/Web/HTTP/Status/400
2025-10-24 09:34:51,941 - __main__ - ERROR - ✖ Failed to post frame data
2025-10-24 09:36:57,412 - src.poster - ERROR - ✖ Error posting frame: Client error '400 Bad Request' for url 'https://graph.facebook.com/v21.0//me/photos?access_token=EAAMplsD3FFQBO9dn0XRGPN7Cx41kiuvXbA8fyZB9u9jvNPVrOksZAZBIKfftiLnReqc8AXVG3HpIfeHacIXOR9VaeJWF5oIZC9AKpXLj76PwkVMchfoCmOtUwkWzuvWKsidGi1osFocBi0xlponZC8jJzqwcnbcsp155zjaj4cTaZC4RudGec1ZCC9qJlZAAmHcZD&message=%5BRandom%5D+Frame%0A%0ASeason%3A+1%2C+Episode%3A+14%2C+Frame%3A+1918%0ATimestamp%3A+0%3A09%3A08.00%0A%0ADownload%3A+https%3A%2F%2Fjavaraf.github.io%2Fframe-view%2F%3Fseason%3D1%26episode%3D14%26frame%3D1918%0A'
For more information check: https://developer.mozilla.org/en-US/docs/Web/HTTP/Status/400
2025-10-24 09:36:57,412 - __main__ - ERROR - ✖ Failed to post frame data
2025-10-24 09:39:03,345 - src.poster - ERROR - ✖ Error posting frame: Client error '400 Bad Request' for url 'https://graph.facebook.com/v21.0//me/photos?access_token=EAAMplsD3FFQBO9dn0XRGPN7Cx41kiuvXbA8fyZB9u9jvNPVrOksZAZBIKfftiLnReqc8AXVG3HpIfeHacIXOR9VaeJWF5oIZC9AKpXLj76PwkVMchfoCmOtUwkWzuvWKsidGi1osFocBi0xlponZC8jJzqwcnbcsp155zjaj4cTaZC4RudGec1ZCC9qJlZAAmHcZD&message=%5BRandom%5D+Frame%0A%0ASeason%3A+1%2C+Episode%3A+25%2C+Frame%3A+4781%0ATimestamp%3A+0%3A22%3A46.00%0A%0ADownload%3A+https%3A%2F%2Fjavaraf.github.io%2Fframe-view%2F%3Fseason%3D1%26episode%3D25%26frame%3D4781%0A'
For more information check: https://developer.mozilla.org/en-US/docs/Web/HTTP/Status/400
2025-10-24 09:39:03,345 - __main__ - ERROR - ✖ Failed to post frame data
2025-10-24 09:41:08,803 - src.poster - ERROR - ✖ Error posting frame: Client error '400 Bad Request' for url 'https://graph.facebook.com/v21.0//me/photos?access_token=EAAMplsD3FFQBO9dn0XRGPN7Cx41kiuvXbA8fyZB9u9jvNPVrOksZAZBIKfftiLnReqc8AXVG3HpIfeHacIXOR9VaeJWF5oIZC9AKpXLj76PwkVMchfoCmOtUwkWzuvWKsidGi1osFocBi0xlponZC8jJzqwcnbcsp155zjaj4cTaZC4RudGec1ZCC9qJlZAAmHcZD&message=%5BRandom%5D+Frame%0A%0ASeason%3A+1%2C+Episode%3A+1%2C+Frame%3A+182%0ATimestamp%3A+0%3A00%3A52.00%0A%0ADownload%3A+https%3A%2F%2Fjavaraf.github.io%2Fframe-view%2F%3Fseason%3D1%26episode%3D1%26frame%3D182%0A'
For more information check: https://developer.mozilla.org/en-US/docs/Web/HTTP/Status/400
2025-10-24 09:41:08,803 - __main__ - ERROR - ✖ Failed to post frame data
2025-10-24 12:42:33,865 - src.poster - ERROR - ✖ Error posting frame: Client error '400 Bad Request' for url 'https://graph.facebook.com/v21.0//me/photos?access_token=EAAMplsD3FFQBO9dn0XRGPN7Cx41kiuvXbA8fyZB9u9jvNPVrOksZAZBIKfftiLnReqc8AXVG3HpIfeHacIXOR9VaeJWF5oIZC9AKpXLj76PwkVMchfoCmOtUwkWzuvWKsidGi1osFocBi0xlponZC8jJzqwcnbcsp155zjaj4cTaZC4RudGec1ZCC9qJlZAAmHcZD&message=%5BRandom%5D+Frame%0A%0ASeason%3A+1%2C+Episode%3A+27%2C+Frame%3A+2833%0ATimestamp%3A+0%3A13%3A29.42%0A%0ADownload%3A+https%3A%2F%2Fjavaraf.github.io%2Fframe-view%2F%3Fseason%3D1%26episode%3D27%26frame%3D2833%0A'
For more information check: https://developer.mozilla.org/en-US/docs/Web/HTTP/Status/400
2025-10-24 12:42:33,866 - __main__ - ERROR - ✖ Failed to post frame data
2025-10-24 12:44:40,141 - src.poster - ERROR - ✖ Error posting frame: Client error '400 Bad Request' for url 'https://graph.facebook.com/v21.0//me/photos?access_token=EAAMplsD3FFQBO9dn0XRGPN7Cx41kiuvXbA8fyZB9u9jvNPVrOksZAZBIKfftiLnReqc8AXVG3HpIfeHacIXOR9VaeJWF5oIZC9AKpXLj76PwkVMchfoCmOtUwkWzuvWKsidGi1osFocBi0xlponZC8jJzqwcnbcsp155zjaj4cTaZC4RudGec1ZCC9qJlZAAmHcZD&message=%5BRandom%5D+Frame%0A%0ASeason%3A+1%2C+Episode%3A+10%2C+Frame%3A+3366%0ATimestamp%3A+0%3A16%3A01.71%0A%0ADownload%3A+https%3A%2F%2Fjavaraf.github.io%2Fframe-view%2F%3Fseason%3D1%26episode%3D10%26frame%3D3366%0A'
For more information check: https://developer.mozilla.org/en-US/docs/Web/HTTP/Status/400
2025-10-24 12:44:40,141 - __main__ - ERROR - ✖ Failed to post frame data
2025-10-24 12:46:45,949 - src.poster - ERROR - ✖ Error posting frame: Client error '400 Bad Request' for url 'https://graph.facebook.com/v21.0//me/photos?access_token=EAAMplsD3FFQBO9dn0XRGPN7Cx41kiuvXbA8fyZB9u9jvNPVrOksZAZBIKfftiLnReqc8AXVG3HpIfeHacIXOR9VaeJWF5oIZC9AKpXLj76PwkVMchfoCmOtUwkWzuvWKsidGi1osFocBi0xlponZC8jJzqwcnbcsp155zjaj4cTaZC4RudGec1ZCC9qJlZAAmHcZD&message=%5BRandom%5D+Frame%0A%0ASeason%3A+1%2C+Episode%3A+24%2C+Frame%3A+3290%0ATimestamp%3A+0%3A15%3A40.00%0A%0ADownload%3A+https%3A%2F%2Fjavaraf.github.io%2Fframe-view%2F%3Fseason%3D1%26episode%3D24%26frame%3D3290%0A'
For more information check: https://developer.mozilla.org/en-US/docs/Web/HTTP/Status/400
2025-10-24 12:46:45,949 - __main__ - ERROR - ✖ Failed to post frame data
2025-10-24 12:48:52,057 - src.poster - ERROR - ✖ Error posting frame: Client error '400 Bad Request' for url 'https://graph.facebook.com/v21.0//me/photos?access_token=EAAMplsD3FFQBO9dn0XRGPN7Cx41kiuvXbA8fyZB9u9jvNPVrOksZAZBIKfftiLnReqc8AXVG3HpIfeHacIXOR9VaeJWF5oIZC9AKpXLj76PwkVMchfoCmOtUwkWzuvWKsidGi1osFocBi0xlponZC8jJzqwcnbcsp155zjaj4cTaZC4RudGec1ZCC9qJlZAAmHcZD&message=%5BRandom%5D+Frame%0A%0ASeason%3A+1%2C+Episode%3A+1%2C+Frame%3A+3132%0ATimestamp%3A+0%3A14%3A54.85%0A%0ADownload%3A+https%3A%2F%2Fjavaraf.github.io%2Fframe-view%2F%3Fseason%3D1%26episode%3D1%26frame%3D3132%0A'
For more information check: https://developer.mozilla.org/en-US/docs/Web/HTTP/Status/400
2025-10-24 12:48:52,057 - __main__ - ERROR - ✖ Failed to post frame data
2025-10-24 12:50:58,444 - src.poster - ERROR - ✖ Error posting frame: Client error '400 Bad Request' for url 'https://graph.facebook.com/v21.0//me/photos?access_token=EAAMplsD3FFQBO9dn0XRGPN7Cx41kiuvXbA8fyZB9u9jvNPVrOksZAZBIKfftiLnReqc8AXVG3HpIfeHacIXOR9VaeJWF5oIZC9AKpXLj76PwkVMchfoCmOtUwkWzuvWKsidGi1osFocBi0xlponZC8jJzqwcnbcsp155zjaj4cTaZC4RudGec1ZCC9qJlZAAmHcZD&message=%5BRandom%5D+Frame%0A%0ASeason%3A+1%2C+Episode%3A+14%2C+Frame%3A+4905%0ATimestamp%3A+0%3A23%3A21.42%0A%0ADownload%3A+https%3A%2F%2Fjavaraf.github.io%2Fframe-view%2F%3Fseason%3D1%26episode%3D14%26frame%3D4905%0A'
For more information check: https://developer.mozilla.org/en-US/docs/Web/HTTP/Status/400
2025-10-24 12:50:58,444 - __main__ - ERROR - ✖ Failed to post frame data
2025-10-24 12:53:04,425 - src.poster - ERROR - ✖ Error posting frame: Client error '400 Bad Request' for url 'https://graph.facebook.com/v21.0//me/photos?access_token=EAAMplsD3FFQBO9dn0XRGPN7Cx41kiuvXbA8fyZB9u9jvNPVrOksZAZBIKfftiLnReqc8AXVG3HpIfeHacIXOR9VaeJWF5oIZC9AKpXLj76PwkVMchfoCmOtUwkWzuvWKsidGi1osFocBi0xlponZC8jJzqwcnbcsp155zjaj4cTaZC4RudGec1ZCC9qJlZAAmHcZD&message=%5BRandom%5D+Frame%0A%0ASeason%3A+1%2C+Episode%3A+20%2C+Frame%3A+419%0ATimestamp%3A+0%3A01%3A59.71%0A%0ADownload%3A+https%3A%2F%2Fjavaraf.github.io%2Fframe-view%2F%3Fseason%3D1%26episode%3D20%26frame%3D419%0A'
For more information check: https://developer.mozilla.org/en-US/docs/Web/HTTP/Status/400
2025-10-24 12:53:04,425 - __main__ - ERROR - ✖ Failed to post frame data
2025-10-24 12:55:10,328 - src.poster - ERROR - ✖ Error posting frame: Client error '400 Bad Request' for url 'https://graph.facebook.com/v21.0//me/photos?access_token=EAAMplsD3FFQBO9dn0XRGPN7Cx41kiuvXbA8fyZB9u9jvNPVrOksZAZBIKfftiLnReqc8AXVG3HpIfeHacIXOR9VaeJWF5oIZC9AKpXLj76PwkVMchfoCmOtUwkWzuvWKsidGi1osFocBi0xlponZC8jJzqwcnbcsp155zjaj4cTaZC4RudGec1ZCC9qJlZAAmHcZD&message=%5BRandom%5D+Frame%0A%0ASeason%3A+1%2C+Episode%3A+21%2C+Frame%3A+2001%0ATimestamp%3A+0%3A09%3A31.71%0A%0ADownload%3A+https%3A%2F%2Fjavaraf.github.io%2Fframe-view%2F%3Fseason%3D1%26episode%3D21%26frame%3D2001%0A'
For more information check: https://developer.mozilla.org/en-US/docs/Web/HTTP/Status/400
2025-10-24 12:55:10,328 - __main__ - ERROR - ✖ Failed to post frame data
2025-10-24 12:57:16,526 - src.poster - ERROR - ✖ Error posting frame: Client error '400 Bad Request' for url 'https://graph.facebook.com/v21.0//me/photos?access_token=EAAMplsD3FFQBO9dn0XRGPN7Cx41kiuvXbA8fyZB9u9jvNPVrOksZAZBIKfftiLnReqc8AXVG3HpIfeHacIXOR9VaeJWF5oIZC9AKpXLj76PwkVMchfoCmOtUwkWzuvWKsidGi1osFocBi0xlponZC8jJzqwcnbcsp155zjaj4cTaZC4RudGec1ZCC9qJlZAAmHcZD&message=%5BRandom%5D+Frame%0A%0ASeason%3A+1%2C+Episode%3A+8%2C+Frame%3A+4986%0ATimestamp%3A+0%3A23%3A44.57%0A%0ADownload%3A+https%3A%2F%2Fjavaraf.github.io%2Fframe-view%2F%3Fseason%3D1%26episode%3D8%26frame%3D4986%0A'
For more information check: https://developer.mozilla.org/en-US/docs/Web/HTTP/Status/400
2025-10-24 12:57:16,526 - __main__ - ERROR - ✖ Failed to post frame data
2025-10-24 12:59:22,886 - src.poster - ERROR - ✖ Error posting frame: Client error '400 Bad Request' for url 'https://graph.facebook.com/v21.0//me/photos?access_token=EAAMplsD3FFQBO9dn0XRGPN7Cx41kiuvXbA8fyZB9u9jvNPVrOksZAZBIKfftiLnReqc8AXVG3HpIfeHacIXOR9VaeJWF5oIZC9AKpXLj76PwkVMchfoCmOtUwkWzuvWKsidGi1osFocBi0xlponZC8jJzqwcnbcsp155zjaj4cTaZC4RudGec1ZCC9qJlZAAmHcZD&message=%5BRandom%5D+Frame%0A%0ASeason%3A+1%2C+Episode%3A+13%2C+Frame%3A+3776%0ATimestamp%3A+0%3A17%3A58.85%0A%0ADownload%3A+https%3A%2F%2Fjavaraf.github.io%2Fframe-view%2F%3Fseason%3D1%26episode%3D13%26frame%3D3776%0A'
For more information check: https://developer.mozilla.org/en-US/docs/Web/HTTP/Status/400
2025-10-24 12:59:22,886 - __main__ - ERROR - ✖ Failed to post frame data
2025-10-24 13:01:28,946 - src.poster - ERROR - ✖ Error posting frame: Client error '400 Bad Request' for url 'https://graph.facebook.com/v21.0//me/photos?access_token=EAAMplsD3FFQBO9dn0XRGPN7Cx41kiuvXbA8fyZB9u9jvNPVrOksZAZBIKfftiLnReqc8AXVG3HpIfeHacIXOR9VaeJWF5oIZC9AKpXLj76PwkVMchfoCmOtUwkWzuvWKsidGi1osFocBi0xlponZC8jJzqwcnbcsp155zjaj4cTaZC4RudGec1ZCC9qJlZAAmHcZD&message=%5BRandom%5D+Frame%0A%0ASeason%3A+1%2C+Episode%3A+8%2C+Frame%3A+1864%0ATimestamp%3A+0%3A08%3A52.57%0A%0ADownload%3A+https%3A%2F%2Fjavaraf.github.io%2Fframe-view%2F%3Fseason%3D1%26episode%3D8%26frame%3D1864%0A'
For more information check: https://developer.mozilla.org/en-US/docs/Web/HTTP/Status/400
2025-10-24 13:01:28,946 - __main__ - ERROR - ✖ Failed to post frame data
2025-10-24 15:20:51,490 - src.poster - ERROR - ✖ Error posting frame: Client error '400 Bad Request' for url 'https://graph.facebook.com/v21.0//me/photos?access_token=EAAMplsD3FFQBO9dn0XRGPN7Cx41kiuvXbA8fyZB9u9jvNPVrOksZAZBIKfftiLnReqc8AXVG3HpIfeHacIXOR9VaeJWF5oIZC9AKpXLj76PwkVMchfoCmOtUwkWzuvWKsidGi1osFocBi0xlponZC8jJzqwcnbcsp155zjaj4cTaZC4RudGec1ZCC9qJlZAAmHcZD&message=%5BRandom%5D+Frame%0A%0ASeason%3A+1%2C+Episode%3A+10%2C+Frame%3A+1491%0ATimestamp%3A+0%3A07%3A06.00%0A%0ADownload%3A+https%3A%2F%2Fjavaraf.github.io%2Fframe-view%2F%3Fseason%3D1%26episode%3D10%26frame%3D1491%0A'
For more information check: https://developer.mozilla.org/en-US/docs/Web/HTTP/Status/400
2025-10-24 15:20:51,490 - __main__ - ERROR - ✖ Failed to post frame data
2025-10-24 15:22:57,752 - src.poster - ERROR - ✖ Error posting frame: Client error '400 Bad Request' for url 'https://graph.facebook.com/v21.0//me/photos?access_token=EAAMplsD3FFQBO9dn0XRGPN7Cx41kiuvXbA8fyZB9u9jvNPVrOksZAZBIKfftiLnReqc8AXVG3HpIfeHacIXOR9VaeJWF5oIZC9AKpXLj76PwkVMchfoCmOtUwkWzuvWKsidGi1osFocBi0xlponZC8jJzqwcnbcsp155zjaj4cTaZC4RudGec1ZCC9qJlZAAmHcZD&message=%5BRandom%5D+Frame%0A%0ASeason%3A+1%2C+Episode%3A+12%2C+Frame%3A+530%0ATimestamp%3A+0%3A02%3A31.42%0A%0ADownload%3A+https%3A%2F%2Fjavaraf.github.io%2Fframe-view%2F%3Fseason%3D1%26episode%3D12%26frame%3D530%0A'
For more information check: https://developer.mozilla.org/en-US/docs/Web/HTTP/Status/400
2025-10-24 15:22:57,752 - __main__ - ERROR - ✖ Failed to post frame data
2025-10-24 15:25:04,028 - src.poster - ERROR - ✖ Error posting frame: Client error '400 Bad Request' for url 'https://graph.facebook.com/v21.0//me/photos?access_token=EAAMplsD3FFQBO9dn0XRGPN7Cx41kiuvXbA8fyZB9u9jvNPVrOksZAZBIKfftiLnReqc8AXVG3HpIfeHacIXOR9VaeJWF5oIZC9AKpXLj76PwkVMchfoCmOtUwkWzuvWKsidGi1osFocBi0xlponZC8jJzqwcnbcsp155zjaj4cTaZC4RudGec1ZCC9qJlZAAmHcZD&message=%5BRandom%5D+Frame%0A%0ASeason%3A+1%2C+Episode%3A+19%2C+Frame%3A+1442%0ATimestamp%3A+0%3A06%3A52.00%0A%0ADownload%3A+https%3A%2F%2Fjavaraf.github.io%2Fframe-view%2F%3Fseason%3D1%26episode%3D19%26frame%3D1442%0A'
For more information check: https://developer.mozilla.org/en-US/docs/Web/HTTP/Status/400
2025-10-24 15:25:04,029 - __main__ - ERROR - ✖ Failed to post frame data
2025-10-24 15:27:10,111 - src.poster - ERROR - ✖ Error posting frame: Client error '400 Bad Request' for url 'https://graph.facebook.com/v21.0//me/photos?access_token=EAAMplsD3FFQBO9dn0XRGPN7Cx41kiuvXbA8fyZB9u9jvNPVrOksZAZBIKfftiLnReqc8AXVG3HpIfeHacIXOR9VaeJWF5oIZC9AKpXLj76PwkVMchfoCmOtUwkWzuvWKsidGi1osFocBi0xlponZC8jJzqwcnbcsp155zjaj4cTaZC4RudGec1ZCC9qJlZAAmHcZD&message=%5BRandom%5D+Frame%0A%0ASeason%3A+1%2C+Episode%3A+21%2C+Frame%3A+2962%0ATimestamp%3A+0%3A14%3A06.28%0A%0ADownload%3A+https%3A%2F%2Fjavaraf.github.io%2Fframe-view%2F%3Fseason%3D1%26episode%3D21%26frame%3D2962%0A'
For more information check: https://developer.mozilla.org/en-US/docs/Web/HTTP/Status/400
2025-10-24 15:27:10,111 - __main__ - ERROR - ✖ Failed to post frame data
2025-10-24 15:29:16,533 - src.poster - ERROR - ✖ Error posting frame: Client error '400 Bad Request' for url 'https://graph.facebook.com/v21.0//me/photos?access_token=EAAMplsD3FFQBO9dn0XRGPN7Cx41kiuvXbA8fyZB9u9jvNPVrOksZAZBIKfftiLnReqc8AXVG3HpIfeHacIXOR9VaeJWF5oIZC9AKpXLj76PwkVMchfoCmOtUwkWzuvWKsidGi1osFocBi0xlponZC8jJzqwcnbcsp155zjaj4cTaZC4RudGec1ZCC9qJlZAAmHcZD&message=%5BRandom%5D+Frame%0A%0ASeason%3A+1%2C+Episode%3A+18%2C+Frame%3A+2101%0ATimestamp%3A+0%3A10%3A00.28%0A%0ADownload%3A+https%3A%2F%2Fjavaraf.github.io%2Fframe-view%2F%3Fseason%3D1%26episode%3D18%26frame%3D2101%0A'
For more information check: https://developer.mozilla.org/en-US/docs/Web/HTTP/Status/400
2025-10-24 15:29:16,533 - __main__ - ERROR - ✖ Failed to post frame data
2025-10-24 15:31:22,711 - src.poster - ERROR - ✖ Error posting frame: Client error '400 Bad Request' for url 'https://graph.facebook.com/v21.0//me/photos?access_token=EAAMplsD3FFQBO9dn0XRGPN7Cx41kiuvXbA8fyZB9u9jvNPVrOksZAZBIKfftiLnReqc8AXVG3HpIfeHacIXOR9VaeJWF5oIZC9AKpXLj76PwkVMchfoCmOtUwkWzuvWKsidGi1osFocBi0xlponZC8jJzqwcnbcsp155zjaj4cTaZC4RudGec1ZCC9qJlZAAmHcZD&message=%5BRandom%5D+Frame%0A%0ASeason%3A+1%2C+Episode%3A+9%2C+Frame%3A+3548%0ATimestamp%3A+0%3A16%3A53.71%0A%0ADownload%3A+https%3A%2F%2Fjavaraf.github.io%2Fframe-view%2F%3Fseason%3D1%26episode%3D9%26frame%3D3548%0A'
For more information check: https://developer.mozilla.org/en-US/docs/Web/HTTP/Status/400
2025-10-24 15:31:22,711 - __main__ - ERROR - ✖ Failed to post frame data
2025-10-24 15:33:28,849 - src.poster - ERROR - ✖ Error posting frame: Client error '400 Bad Request' for url 'https://graph.facebook.com/v21.0//me/photos?access_token=EAAMplsD3FFQBO9dn0XRGPN7Cx41kiuvXbA8fyZB9u9jvNPVrOksZAZBIKfftiLnReqc8AXVG3HpIfeHacIXOR9VaeJWF5oIZC9AKpXLj76PwkVMchfoCmOtUwkWzuvWKsidGi1osFocBi0xlponZC8jJzqwcnbcsp155zjaj4cTaZC4RudGec1ZCC9qJlZAAmHcZD&message=%5BRandom%5D+Frame%0A%0ASeason%3A+1%2C+Episode%3A+21%2C+Frame%3A+3969%0ATimestamp%3A+0%3A18%3A54.00%0A%0ADownload%3A+https%3A%2F%2Fjavaraf.github.io%2Fframe-view%2F%3Fseason%3D1%26episode%3D21%26frame%3D3969%0A'
For more information check: https://developer.mozilla.org/en-US/docs/Web/HTTP/Status/400
2025-10-24 15:33:28,849 - __main__ - ERROR - ✖ Failed to post frame data
2025-10-24 15:35:35,049 - src.poster - ERROR - ✖ Error posting frame: Client error '400 Bad Request' for url 'https://graph.facebook.com/v21.0//me/photos?access_token=EAAMplsD3FFQBO9dn0XRGPN7Cx41kiuvXbA8fyZB9u9jvNPVrOksZAZBIKfftiLnReqc8AXVG3HpIfeHacIXOR9VaeJWF5oIZC9AKpXLj76PwkVMchfoCmOtUwkWzuvWKsidGi1osFocBi0xlponZC8jJzqwcnbcsp155zjaj4cTaZC4RudGec1ZCC9qJlZAAmHcZD&message=%5BRandom%5D+Frame%0A%0ASeason%3A+1%2C+Episode%3A+19%2C+Frame%3A+2660%0ATimestamp%3A+0%3A12%3A40.00%0A%0ADownload%3A+https%3A%2F%2Fjavaraf.github.io%2Fframe-view%2F%3Fseason%3D1%26episode%3D19%26frame%3D2660%0A'
For more information check: https://developer.mozilla.org/en-US/docs/Web/HTTP/Status/400
2025-10-24 15:35:35,049 - __main__ - ERROR - ✖ Failed to post frame data
2025-10-24 15:37:41,286 - src.poster - ERROR - ✖ Error posting frame: Client error '400 Bad Request' for url 'https://graph.facebook.com/v21.0//me/photos?access_token=EAAMplsD3FFQBO9dn0XRGPN7Cx41kiuvXbA8fyZB9u9jvNPVrOksZAZBIKfftiLnReqc8AXVG3HpIfeHacIXOR9VaeJWF5oIZC9AKpXLj76PwkVMchfoCmOtUwkWzuvWKsidGi1osFocBi0xlponZC8jJzqwcnbcsp155zjaj4cTaZC4RudGec1ZCC9qJlZAAmHcZD&message=%5BRandom%5D+Frame%0A%0ASeason%3A+1%2C+Episode%3A+23%2C+Frame%3A+1998%0ATimestamp%3A+0%3A09%3A30.85%0A%0ADownload%3A+https%3A%2F%2Fjavaraf.github.io%2Fframe-view%2F%3Fseason%3D1%26episode%3D23%26frame%3D1998%0A'
For more information check: https://developer.mozilla.org/en-US/docs/Web/HTTP/Status/400
2025-10-24 15:37:41,286 - __main__ - ERROR - ✖ Failed to post frame data
2025-10-24 15:39:47,299 - src.poster - ERROR - ✖ Error posting frame: Client error '400 Bad Request' for url 'https://graph.facebook.com/v21.0//me/photos?access_token=EAAMplsD3FFQBO9dn0XRGPN7Cx41kiuvXbA8fyZB9u9jvNPVrOksZAZBIKfftiLnReqc8AXVG3HpIfeHacIXOR9VaeJWF5oIZC9AKpXLj76PwkVMchfoCmOtUwkWzuvWKsidGi1osFocBi0xlponZC8jJzqwcnbcsp155zjaj4cTaZC4RudGec1ZCC9qJlZAAmHcZD&message=%5BRandom%5D+Frame%0A%0ASeason%3A+1%2C+Episode%3A+26%2C+Frame%3A+597%0ATimestamp%3A+0%3A02%3A50.57%0A%0ADownload%3A+https%3A%2F%2Fjavaraf.github.io%2Fframe-view%2F%3Fseason%3D1%26episode%3D26%26frame%3D597%0A'
For more information check: https://developer.mozilla.org/en-US/docs/Web/HTTP/Status/400
2025-10-24 15:39:47,299 - __main__ - ERROR - ✖ Failed to post frame data
2025-10-24 18:27:02,102 - src.poster - ERROR - ✖ Error posting frame: Client error '400 Bad Request' for url 'https://graph.facebook.com/v21.0//me/photos?access_token=EAAMplsD3FFQBO9dn0XRGPN7Cx41kiuvXbA8fyZB9u9jvNPVrOksZAZBIKfftiLnReqc8AXVG3HpIfeHacIXOR9VaeJWF5oIZC9AKpXLj76PwkVMchfoCmOtUwkWzuvWKsidGi1osFocBi0xlponZC8jJzqwcnbcsp155zjaj4cTaZC4RudGec1ZCC9qJlZAAmHcZD&message=%5BRandom%5D+Frame%0A%0ASeason%3A+1%2C+Episode%3A+21%2C+Frame%3A+1801%0ATimestamp%3A+0%3A08%3A34.57%0A%0ADownload%3A+https%3A%2F%2Fjavaraf.github.io%2Fframe-view%2F%3Fseason%3D1%26episode%3D21%26frame%3D1801%0A'
For more information check: https://developer.mozilla.org/en-US/docs/Web/HTTP/Status/400
2025-10-24 18:27:02,102 - __main__ - ERROR - ✖ Failed to post frame data
2025-10-24 18:29:07,872 - src.poster - ERROR - ✖ Error posting frame: Client error '400 Bad Request' for url 'https://graph.facebook.com/v21.0//me/photos?access_token=EAAMplsD3FFQBO9dn0XRGPN7Cx41kiuvXbA8fyZB9u9jvNPVrOksZAZBIKfftiLnReqc8AXVG3HpIfeHacIXOR9VaeJWF5oIZC9AKpXLj76PwkVMchfoCmOtUwkWzuvWKsidGi1osFocBi0xlponZC8jJzqwcnbcsp155zjaj4cTaZC4RudGec1ZCC9qJlZAAmHcZD&message=%5BRandom%5D+Frame%0A%0ASeason%3A+1%2C+Episode%3A+6%2C+Frame%3A+3584%0ATimestamp%3A+0%3A17%3A04.00%0A%0ADownload%3A+https%3A%2F%2Fjavaraf.github.io%2Fframe-view%2F%3Fseason%3D1%26episode%3D6%26frame%3D3584%0A'
For more information check: https://developer.mozilla.org/en-US/docs/Web/HTTP/Status/400
2025-10-24 18:29:07,872 - __main__ - ERROR - ✖ Failed to post frame data
2025-10-24 18:31:13,697 - src.poster - ERROR - ✖ Error posting frame: Client error '400 Bad Request' for url 'https://graph.facebook.com/v21.0//me/photos?access_token=EAAMplsD3FFQBO9dn0XRGPN7Cx41kiuvXbA8fyZB9u9jvNPVrOksZAZBIKfftiLnReqc8AXVG3HpIfeHacIXOR9VaeJWF5oIZC9AKpXLj76PwkVMchfoCmOtUwkWzuvWKsidGi1osFocBi0xlponZC8jJzqwcnbcsp155zjaj4cTaZC4RudGec1ZCC9qJlZAAmHcZD&message=%5BRandom%5D+Frame%0A%0ASeason%3A+1%2C+Episode%3A+21%2C+Frame%3A+3682%0ATimestamp%3A+0%3A17%3A32.00%0A%0ADownload%3A+https%3A%2F%2Fjavaraf.github.io%2Fframe-view%2F%3Fseason%3D1%26episode%3D21%26frame%3D3682%0A'
For more information check: https://developer.mozilla.org/en-US/docs/Web/HTTP/Status/400
2025-10-24 18:31:13,697 - __main__ - ERROR - ✖ Failed to post frame data
2025-10-24 18:33:19,552 - src.poster - ERROR - ✖ Error posting frame: Client error '400 Bad Request' for url 'https://graph.facebook.com/v21.0//me/photos?access_token=EAAMplsD3FFQBO9dn0XRGPN7Cx41kiuvXbA8fyZB9u9jvNPVrOksZAZBIKfftiLnReqc8AXVG3HpIfeHacIXOR9VaeJWF5oIZC9AKpXLj76PwkVMchfoCmOtUwkWzuvWKsidGi1osFocBi0xlponZC8jJzqwcnbcsp155zjaj4cTaZC4RudGec1ZCC9qJlZAAmHcZD&message=%5BRandom%5D+Frame%0A%0ASeason%3A+1%2C+Episode%3A+12%2C+Frame%3A+1944%0ATimestamp%3A+0%3A09%3A15.42%0A%0ADownload%3A+https%3A%2F%2Fjavaraf.github.io%2Fframe-view%2F%3Fseason%3D1%26episode%3D12%26frame%3D1944%0A'
For more information check: https://developer.mozilla.org/en-US/docs/Web/HTTP/Status/400
2025-10-24 18:33:19,552 - __main__ - ERROR - ✖ Failed to post frame data
2025-10-24 18:35:25,316 - src.poster - ERROR - ✖ Error posting frame: Client error '400 Bad Request' for url 'https://graph.facebook.com/v21.0//me/photos?access_token=EAAMplsD3FFQBO9dn0XRGPN7Cx41kiuvXbA8fyZB9u9jvNPVrOksZAZBIKfftiLnReqc8AXVG3HpIfeHacIXOR9VaeJWF5oIZC9AKpXLj76PwkVMchfoCmOtUwkWzuvWKsidGi1osFocBi0xlponZC8jJzqwcnbcsp155zjaj4cTaZC4RudGec1ZCC9qJlZAAmHcZD&message=%5BRandom%5D+Frame%0A%0ASeason%3A+1%2C+Episode%3A+22%2C+Frame%3A+2601%0ATimestamp%3A+0%3A12%3A23.14%0A%0ADownload%3A+https%3A%2F%2Fjavaraf.github.io%2Fframe-view%2F%3Fseason%3D1%26episode%3D22%26frame%3D2601%0A'
For more information check: https://developer.mozilla.org/en-US/docs/Web/HTTP/Status/400
2025-10-24 18:35:25,316 - __main__ - ERROR - ✖ Failed to post frame data
2025-10-24 18:37:31,193 - src.poster - ERROR - ✖ Error posting frame: Client error '400 Bad Request' for url 'https://graph.facebook.com/v21.0//me/photos?access_token=EAAMplsD3FFQBO9dn0XRGPN7Cx41kiuvXbA8fyZB9u9jvNPVrOksZAZBIKfftiLnReqc8AXVG3HpIfeHacIXOR9VaeJWF5oIZC9AKpXLj76PwkVMchfoCmOtUwkWzuvWKsidGi1osFocBi0xlponZC8jJzqwcnbcsp155zjaj4cTaZC4RudGec1ZCC9qJlZAAmHcZD&message=%5BRandom%5D+Frame%0A%0ASeason%3A+1%2C+Episode%3A+15%2C+Frame%3A+2365%0ATimestamp%3A+0%3A11%3A15.71%0A%0ADownload%3A+https%3A%2F%2Fjavaraf.github.io%2Fframe-view%2F%3Fseason%3D1%26episode%3D15%26frame%3D2365%0A'
For more information check: https://developer.mozilla.org/en-US/docs/Web/HTTP/Status/400
2025-10-24 18:37:31,193 - __main__ - ERROR - ✖ Failed to post frame data
2025-10-24 18:39:36,993 - src.poster - ERROR - ✖ Error posting frame: Client error '400 Bad Request' for url 'https://graph.facebook.com/v21.0//me/photos?access_token=EAAMplsD3FFQBO9dn0XRGPN7Cx41kiuvXbA8fyZB9u9jvNPVrOksZAZBIKfftiLnReqc8AXVG3HpIfeHacIXOR9VaeJWF5oIZC9AKpXLj76PwkVMchfoCmOtUwkWzuvWKsidGi1osFocBi0xlponZC8jJzqwcnbcsp155zjaj4cTaZC4RudGec1ZCC9qJlZAAmHcZD&message=%5BRandom%5D+Frame%0A%0ASeason%3A+1%2C+Episode%3A+10%2C+Frame%3A+344%0ATimestamp%3A+0%3A01%3A38.28%0A%0ADownload%3A+https%3A%2F%2Fjavaraf.github.io%2Fframe-view%2F%3Fseason%3D1%26episode%3D10%26frame%3D344%0A'
For more information check: https://developer.mozilla.org/en-US/docs/Web/HTTP/Status/400
2025-10-24 18:39:36,993 - __main__ - ERROR - ✖ Failed to post frame data
2025-10-24 18:41:42,826 - src.poster - ERROR - ✖ Error posting frame: Client error '400 Bad Request' for url 'https://graph.facebook.com/v21.0//me/photos?access_token=EAAMplsD3FFQBO9dn0XRGPN7Cx41kiuvXbA8fyZB9u9jvNPVrOksZAZBIKfftiLnReqc8AXVG3HpIfeHacIXOR9VaeJWF5oIZC9AKpXLj76PwkVMchfoCmOtUwkWzuvWKsidGi1osFocBi0xlponZC8jJzqwcnbcsp155zjaj4cTaZC4RudGec1ZCC9qJlZAAmHcZD&message=%5BRandom%5D+Frame%0A%0ASeason%3A+1%2C+Episode%3A+20%2C+Frame%3A+2574%0ATimestamp%3A+0%3A12%3A15.42%0A%0ADownload%3A+https%3A%2F%2Fjavaraf.github.io%2Fframe-view%2F%3Fseason%3D1%26episode%3D20%26frame%3D2574%0A'
For more information check: https://developer.mozilla.org/en-US/docs/Web/HTTP/Status/400
2025-10-24 18:41:42,826 - __main__ - ERROR - ✖ Failed to post frame data
2025-10-24 18:43:48,642 - src.poster - ERROR - ✖ Error posting frame: Client error '400 Bad Request' for url 'https://graph.facebook.com/v21.0//me/photos?access_token=EAAMplsD3FFQBO9dn0XRGPN7Cx41kiuvXbA8fyZB9u9jvNPVrOksZAZBIKfftiLnReqc8AXVG3HpIfeHacIXOR9VaeJWF5oIZC9AKpXLj76PwkVMchfoCmOtUwkWzuvWKsidGi1osFocBi0xlponZC8jJzqwcnbcsp155zjaj4cTaZC4RudGec1ZCC9qJlZAAmHcZD&message=%5BRandom%5D+Frame%0A%0ASeason%3A+1%2C+Episode%3A+5%2C+Frame%3A+3323%0ATimestamp%3A+0%3A15%3A49.42%0A%0ADownload%3A+https%3A%2F%2Fjavaraf.github.io%2Fframe-view%2F%3Fseason%3D1%26episode%3D5%26frame%3D3323%0A'
For more information check: https://developer.mozilla.org/en-US/docs/Web/HTTP/Status/400
2025-10-24 18:43:48,642 - __main__ - ERROR - ✖ Failed to post frame data
2025-10-24 18:45:54,382 - src.poster - ERROR - ✖ Error posting frame: Client error '400 Bad Request' for url 'https://graph.facebook.com/v21.0//me/photos?access_token=EAAMplsD3FFQBO9dn0XRGPN7Cx41kiuvXbA8fyZB9u9jvNPVrOksZAZBIKfftiLnReqc8AXVG3HpIfeHacIXOR9VaeJWF5oIZC9AKpXLj76PwkVMchfoCmOtUwkWzuvWKsidGi1osFocBi0xlponZC8jJzqwcnbcsp155zjaj4cTaZC4RudGec1ZCC9qJlZAAmHcZD&message=%5BRandom%5D+Frame%0A%0ASeason%3A+1%2C+Episode%3A+24%2C+Frame%3A+1014%0ATimestamp%3A+0%3A04%3A49.71%0A%0ADownload%3A+https%3A%2F%2Fjavaraf.github.io%2Fframe-view%2F%3Fseason%3D1%26episode%3D24%26frame%3D1014%0A'
For more information check: https://developer.mozilla.org/en-US/docs/Web/HTTP/Status/400
2025-10-24 18:45:54,382 - __main__ - ERROR - ✖ Failed to post frame data
2025-10-24 21:17:17,417 - src.poster - ERROR - ✖ Error posting frame: Client error '400 Bad Request' for url 'https://graph.facebook.com/v21.0//me/photos?access_token=EAAMplsD3FFQBO9dn0XRGPN7Cx41kiuvXbA8fyZB9u9jvNPVrOksZAZBIKfftiLnReqc8AXVG3HpIfeHacIXOR9VaeJWF5oIZC9AKpXLj76PwkVMchfoCmOtUwkWzuvWKsidGi1osFocBi0xlponZC8jJzqwcnbcsp155zjaj4cTaZC4RudGec1ZCC9qJlZAAmHcZD&message=%5BRandom%5D+Frame%0A%0ASeason%3A+1%2C+Episode%3A+23%2C+Frame%3A+4571%0ATimestamp%3A+0%3A21%3A46.00%0A%0ADownload%3A+https%3A%2F%2Fjavaraf.github.io%2Fframe-view%2F%3Fseason%3D1%26episode%3D23%26frame%3D4571%0A'
For more information check: https://developer.mozilla.org/en-US/docs/Web/HTTP/Status/400
2025-10-24 21:17:17,417 - __main__ - ERROR - ✖ Failed to post frame data
2025-10-24 21:19:23,702 - src.poster - ERROR - ✖ Error posting frame: Client error '400 Bad Request' for url 'https://graph.facebook.com/v21.0//me/photos?access_token=EAAMplsD3FFQBO9dn0XRGPN7Cx41kiuvXbA8fyZB9u9jvNPVrOksZAZBIKfftiLnReqc8AXVG3HpIfeHacIXOR9VaeJWF5oIZC9AKpXLj76PwkVMchfoCmOtUwkWzuvWKsidGi1osFocBi0xlponZC8jJzqwcnbcsp155zjaj4cTaZC4RudGec1ZCC9qJlZAAmHcZD&message=%5BRandom%5D+Frame%0A%0ASeason%3A+1%2C+Episode%3A+22%2C+Frame%3A+4599%0ATimestamp%3A+0%3A21%3A54.00%0A%0ADownload%3A+https%3A%2F%2Fjavaraf.github.io%2Fframe-view%2F%3Fseason%3D1%26episode%3D22%26frame%3D4599%0A'
For more information check: https://developer.mozilla.org/en-US/docs/Web/HTTP/Status/400
2025-10-24 21:19:23,702 - __main__ - ERROR - ✖ Failed to post frame data
2025-10-24 21:21:29,375 - src.poster - ERROR - ✖ Error posting frame: Client error '400 Bad Request' for url 'https://graph.facebook.com/v21.0//me/photos?access_token=EAAMplsD3FFQBO9dn0XRGPN7Cx41kiuvXbA8fyZB9u9jvNPVrOksZAZBIKfftiLnReqc8AXVG3HpIfeHacIXOR9VaeJWF5oIZC9AKpXLj76PwkVMchfoCmOtUwkWzuvWKsidGi1osFocBi0xlponZC8jJzqwcnbcsp155zjaj4cTaZC4RudGec1ZCC9qJlZAAmHcZD&message=%5BRandom%5D+Frame%0A%0ASeason%3A+1%2C+Episode%3A+19%2C+Frame%3A+1817%0ATimestamp%3A+0%3A08%3A39.14%0A%0ADownload%3A+https%3A%2F%2Fjavaraf.github.io%2Fframe-view%2F%3Fseason%3D1%26episode%3D19%26frame%3D1817%0A'
For more information check: https://developer.mozilla.org/en-US/docs/Web/HTTP/Status/400
2025-10-24 21:21:29,375 - __main__ - ERROR - ✖ Failed to post frame data
2025-10-24 21:23:35,086 - src.poster - ERROR - ✖ Error posting frame: Client error '400 Bad Request' for url 'https://graph.facebook.com/v21.0//me/photos?access_token=EAAMplsD3FFQBO9dn0XRGPN7Cx41kiuvXbA8fyZB9u9jvNPVrOksZAZBIKfftiLnReqc8AXVG3HpIfeHacIXOR9VaeJWF5oIZC9AKpXLj76PwkVMchfoCmOtUwkWzuvWKsidGi1osFocBi0xlponZC8jJzqwcnbcsp155zjaj4cTaZC4RudGec1ZCC9qJlZAAmHcZD&message=%5BRandom%5D+Frame%0A%0ASeason%3A+1%2C+Episode%3A+4%2C+Frame%3A+3609%0ATimestamp%3A+0%3A17%3A11.14%0A%0ADownload%3A+https%3A%2F%2Fjavaraf.github.io%2Fframe-view%2F%3Fseason%3D1%26episode%3D4%26frame%3D3609%0A'
For more information check: https://developer.mozilla.org/en-US/docs/Web/HTTP/Status/400
2025-10-24 21:23:35,086 - __main__ - ERROR - ✖ Failed to post frame data
2025-10-24 21:25:41,435 - src.poster - ERROR - ✖ Error posting frame: Client error '400 Bad Request' for url 'https://graph.facebook.com/v21.0//me/photos?access_token=EAAMplsD3FFQBO9dn0XRGPN7Cx41kiuvXbA8fyZB9u9jvNPVrOksZAZBIKfftiLnReqc8AXVG3HpIfeHacIXOR9VaeJWF5oIZC9AKpXLj76PwkVMchfoCmOtUwkWzuvWKsidGi1osFocBi0xlponZC8jJzqwcnbcsp155zjaj4cTaZC4RudGec1ZCC9qJlZAAmHcZD&message=%5BRandom%5D+Frame%0A%0ASeason%3A+1%2C+Episode%3A+14%2C+Frame%3A+4072%0ATimestamp%3A+0%3A19%3A23.42%0A%0ADownload%3A+https%3A%2F%2Fjavaraf.github.io%2Fframe-view%2F%3Fseason%3D1%26episode%3D14%26frame%3D4072%0A'
For more information check: https://developer.mozilla.org/en-US/docs/Web/HTTP/Status/400
2025-10-24 21:25:41,435 - __main__ - ERROR - ✖ Failed to post frame data
2025-10-24 21:27:47,876 - src.poster - ERROR - ✖ Error posting frame: Client error '400 Bad Request' for url 'https://graph.facebook.com/v21.0//me/photos?access_token=EAAMplsD3FFQBO9dn0XRGPN7Cx41kiuvXbA8fyZB9u9jvNPVrOksZAZBIKfftiLnReqc8AXVG3HpIfeHacIXOR9VaeJWF5oIZC9AKpXLj76PwkVMchfoCmOtUwkWzuvWKsidGi1osFocBi0xlponZC8jJzqwcnbcsp155zjaj4cTaZC4RudGec1ZCC9qJlZAAmHcZD&message=%5BRandom%5D+Frame%0A%0ASeason%3A+1%2C+Episode%3A+20%2C+Frame%3A+439%0ATimestamp%3A+0%3A02%3A05.42%0A%0ADownload%3A+https%3A%2F%2Fjavaraf.github.io%2Fframe-view%2F%3Fseason%3D1%26episode%3D20%26frame%3D439%0A'
For more information check: https://developer.mozilla.org/en-US/docs/Web/HTTP/Status/400
2025-10-24 21:27:47,876 - __main__ - ERROR - ✖ Failed to post frame data
2025-10-24 21:29:54,174 - src.poster - ERROR - ✖ Error posting frame: Client error '400 Bad Request' for url 'https://graph.facebook.com/v21.0//me/photos?access_token=EAAMplsD3FFQBO9dn0XRGPN7Cx41kiuvXbA8fyZB9u9jvNPVrOksZAZBIKfftiLnReqc8AXVG3HpIfeHacIXOR9VaeJWF5oIZC9AKpXLj76PwkVMchfoCmOtUwkWzuvWKsidGi1osFocBi0xlponZC8jJzqwcnbcsp155zjaj4cTaZC4RudGec1ZCC9qJlZAAmHcZD&message=%5BRandom%5D+Frame%0A%0ASeason%3A+1%2C+Episode%3A+27%2C+Frame%3A+2348%0ATimestamp%3A+0%3A11%3A10.85%0A%0ADownload%3A+https%3A%2F%2Fjavaraf.github.io%2Fframe-view%2F%3Fseason%3D1%26episode%3D27%26frame%3D2348%0A'
For more information check: https://developer.mozilla.org/en-US/docs/Web/HTTP/Status/400
2025-10-24 21:29:54,174 - __main__ - ERROR - ✖ Failed to post frame data
2025-10-24 21:31:59,722 - src.poster - ERROR - ✖ Error posting frame: Client error '400 Bad Request' for url 'https://graph.facebook.com/v21.0//me/photos?access_token=EAAMplsD3FFQBO9dn0XRGPN7Cx41kiuvXbA8fyZB9u9jvNPVrOksZAZBIKfftiLnReqc8AXVG3HpIfeHacIXOR9VaeJWF5oIZC9AKpXLj76PwkVMchfoCmOtUwkWzuvWKsidGi1osFocBi0xlponZC8jJzqwcnbcsp155zjaj4cTaZC4RudGec1ZCC9qJlZAAmHcZD&message=%5BRandom%5D+Frame%0A%0ASeason%3A+1%2C+Episode%3A+20%2C+Frame%3A+431%0ATimestamp%3A+0%3A02%3A03.14%0A%0ADownload%3A+https%3A%2F%2Fjavaraf.github.io%2Fframe-view%2F%3Fseason%3D1%26episode%3D20%26frame%3D431%0A'
For more information check: https://developer.mozilla.org/en-US/docs/Web/HTTP/Status/400
2025-10-24 21:31:59,723 - __main__ - ERROR - ✖ Failed to post frame data
2025-10-24 21:34:06,092 - src.poster - ERROR - ✖ Error posting frame: Client error '400 Bad Request' for url 'https://graph.facebook.com/v21.0//me/photos?access_token=EAAMplsD3FFQBO9dn0XRGPN7Cx41kiuvXbA8fyZB9u9jvNPVrOksZAZBIKfftiLnReqc8AXVG3HpIfeHacIXOR9VaeJWF5oIZC9AKpXLj76PwkVMchfoCmOtUwkWzuvWKsidGi1osFocBi0xlponZC8jJzqwcnbcsp155zjaj4cTaZC4RudGec1ZCC9qJlZAAmHcZD&message=%5BRandom%5D+Frame%0A%0ASeason%3A+1%2C+Episode%3A+4%2C+Frame%3A+940%0ATimestamp%3A+0%3A04%3A28.57%0A%0ADownload%3A+https%3A%2F%2Fjavaraf.github.io%2Fframe-view%2F%3Fseason%3D1%26episode%3D4%26frame%3D940%0A'
For more information check: https://developer.mozilla.org/en-US/docs/Web/HTTP/Status/400
2025-10-24 21:34:06,092 - __main__ - ERROR - ✖ Failed to post frame data
2025-10-24 21:36:11,604 - src.poster - ERROR - ✖ Error posting frame: Client error '400 Bad Request' for url 'https://graph.facebook.com/v21.0//me/photos?access_token=EAAMplsD3FFQBO9dn0XRGPN7Cx41kiuvXbA8fyZB9u9jvNPVrOksZAZBIKfftiLnReqc8AXVG3HpIfeHacIXOR9VaeJWF5oIZC9AKpXLj76PwkVMchfoCmOtUwkWzuvWKsidGi1osFocBi0xlponZC8jJzqwcnbcsp155zjaj4cTaZC4RudGec1ZCC9qJlZAAmHcZD&message=%5BRandom%5D+Frame%0A%0ASeason%3A+1%2C+Episode%3A+20%2C+Frame%3A+411%0ATimestamp%3A+0%3A01%3A57.42%0A%0ADownload%3A+https%3A%2F%2Fjavaraf.github.io%2Fframe-view%2F%3Fseason%3D1%26episode%3D20%26frame%3D411%0A'
For more information check: https://developer.mozilla.org/en-US/docs/Web/HTTP/Status/400
2025-10-24 21:36:11,604 - __main__ - ERROR - ✖ Failed to post frame data
2025-10-25 01:26:00,661 - src.poster - ERROR - ✖ Error posting frame: Client error '400 Bad Request' for url 'https://graph.facebook.com/v21.0//me/photos?access_token=EAAMplsD3FFQBO9dn0XRGPN7Cx41kiuvXbA8fyZB9u9jvNPVrOksZAZBIKfftiLnReqc8AXVG3HpIfeHacIXOR9VaeJWF5oIZC9AKpXLj76PwkVMchfoCmOtUwkWzuvWKsidGi1osFocBi0xlponZC8jJzqwcnbcsp155zjaj4cTaZC4RudGec1ZCC9qJlZAAmHcZD&message=%5BRandom%5D+Frame%0A%0ASeason%3A+1%2C+Episode%3A+28%2C+Frame%3A+4016%0ATimestamp%3A+0%3A19%3A07.42%0A%0ADownload%3A+https%3A%2F%2Fjavaraf.github.io%2Fframe-view%2F%3Fseason%3D1%26episode%3D28%26frame%3D4016%0A'
For more information check: https://developer.mozilla.org/en-US/docs/Web/HTTP/Status/400
2025-10-25 01:26:00,661 - __main__ - ERROR - ✖ Failed to post frame data
2025-10-25 01:28:06,366 - src.poster - ERROR - ✖ Error posting frame: Client error '400 Bad Request' for url 'https://graph.facebook.com/v21.0//me/photos?access_token=EAAMplsD3FFQBO9dn0XRGPN7Cx41kiuvXbA8fyZB9u9jvNPVrOksZAZBIKfftiLnReqc8AXVG3HpIfeHacIXOR9VaeJWF5oIZC9AKpXLj76PwkVMchfoCmOtUwkWzuvWKsidGi1osFocBi0xlponZC8jJzqwcnbcsp155zjaj4cTaZC4RudGec1ZCC9qJlZAAmHcZD&message=%5BRandom%5D+Frame%0A%0ASeason%3A+1%2C+Episode%3A+13%2C+Frame%3A+4025%0ATimestamp%3A+0%3A19%3A10.00%0A%0ADownload%3A+https%3A%2F%2Fjavaraf.github.io%2Fframe-view%2F%3Fseason%3D1%26episode%3D13%26frame%3D4025%0A'
For more information check: https://developer.mozilla.org/en-US/docs/Web/HTTP/Status/400
2025-10-25 01:28:06,366 - __main__ - ERROR - ✖ Failed to post frame data
2025-10-25 01:30:12,100 - src.poster - ERROR - ✖ Error posting frame: Client error '400 Bad Request' for url 'https://graph.facebook.com/v21.0//me/photos?access_token=EAAMplsD3FFQBO9dn0XRGPN7Cx41kiuvXbA8fyZB9u9jvNPVrOksZAZBIKfftiLnReqc8AXVG3HpIfeHacIXOR9VaeJWF5oIZC9AKpXLj76PwkVMchfoCmOtUwkWzuvWKsidGi1osFocBi0xlponZC8jJzqwcnbcsp155zjaj4cTaZC4RudGec1ZCC9qJlZAAmHcZD&message=%5BRandom%5D+Frame%0A%0ASeason%3A+1%2C+Episode%3A+6%2C+Frame%3A+3239%0ATimestamp%3A+0%3A15%3A25.42%0A%0ADownload%3A+https%3A%2F%2Fjavaraf.github.io%2Fframe-view%2F%3Fseason%3D1%26episode%3D6%26frame%3D3239%0A'
For more information check: https://developer.mozilla.org/en-US/docs/Web/HTTP/Status/400
2025-10-25 01:30:12,100 - __main__ - ERROR - ✖ Failed to post frame data
2025-10-25 01:32:17,716 - src.poster - ERROR - ✖ Error posting frame: Client error '400 Bad Request' for url 'https://graph.facebook.com/v21.0//me/photos?access_token=EAAMplsD3FFQBO9dn0XRGPN7Cx41kiuvXbA8fyZB9u9jvNPVrOksZAZBIKfftiLnReqc8AXVG3HpIfeHacIXOR9VaeJWF5oIZC9AKpXLj76PwkVMchfoCmOtUwkWzuvWKsidGi1osFocBi0xlponZC8jJzqwcnbcsp155zjaj4cTaZC4RudGec1ZCC9qJlZAAmHcZD&message=%5BRandom%5D+Frame%0A%0ASeason%3A+1%2C+Episode%3A+6%2C+Frame%3A+326%0ATimestamp%3A+0%3A01%3A33.14%0A%0ADownload%3A+https%3A%2F%2Fjavaraf.github.io%2Fframe-view%2F%3Fseason%3D1%26episode%3D6%26frame%3D326%0A'
For more information check: https://developer.mozilla.org/en-US/docs/Web/HTTP/Status/400
2025-10-25 01:32:17,716 - __main__ - ERROR - ✖ Failed to post frame data
2025-10-25 01:34:23,674 - src.poster - ERROR - ✖ Error posting frame: Client error '400 Bad Request' for url 'https://graph.facebook.com/v21.0//me/photos?access_token=EAAMplsD3FFQBO9dn0XRGPN7Cx41kiuvXbA8fyZB9u9jvNPVrOksZAZBIKfftiLnReqc8AXVG3HpIfeHacIXOR9VaeJWF5oIZC9AKpXLj76PwkVMchfoCmOtUwkWzuvWKsidGi1osFocBi0xlponZC8jJzqwcnbcsp155zjaj4cTaZC4RudGec1ZCC9qJlZAAmHcZD&message=%5BRandom%5D+Frame%0A%0ASeason%3A+1%2C+Episode%3A+19%2C+Frame%3A+720%0ATimestamp%3A+0%3A03%3A25.71%0A%0ADownload%3A+https%3A%2F%2Fjavaraf.github.io%2Fframe-view%2F%3Fseason%3D1%26episode%3D19%26frame%3D720%0A'
For more information check: https://developer.mozilla.org/en-US/docs/Web/HTTP/Status/400
2025-10-25 01:34:23,674 - __main__ - ERROR - ✖ Failed to post frame data
2025-10-25 01:36:29,309 - src.poster - ERROR - ✖ Error posting frame: Client error '400 Bad Request' for url 'https://graph.facebook.com/v21.0//me/photos?access_token=EAAMplsD3FFQBO9dn0XRGPN7Cx41kiuvXbA8fyZB9u9jvNPVrOksZAZBIKfftiLnReqc8AXVG3HpIfeHacIXOR9VaeJWF5oIZC9AKpXLj76PwkVMchfoCmOtUwkWzuvWKsidGi1osFocBi0xlponZC8jJzqwcnbcsp155zjaj4cTaZC4RudGec1ZCC9qJlZAAmHcZD&message=%5BRandom%5D+Frame%0A%0ASeason%3A+1%2C+Episode%3A+1%2C+Frame%3A+4644%0ATimestamp%3A+0%3A22%3A06.85%0A%0ADownload%3A+https%3A%2F%2Fjavaraf.github.io%2Fframe-view%2F%3Fseason%3D1%26episode%3D1%26frame%3D4644%0A'
For more information check: https://developer.mozilla.org/en-US/docs/Web/HTTP/Status/400
2025-10-25 01:36:29,309 - __main__ - ERROR - ✖ Failed to post frame data
2025-10-25 01:38:35,042 - src.poster - ERROR - ✖ Error posting frame: Client error '400 Bad Request' for url 'https://graph.facebook.com/v21.0//me/photos?access_token=EAAMplsD3FFQBO9dn0XRGPN7Cx41kiuvXbA8fyZB9u9jvNPVrOksZAZBIKfftiLnReqc8AXVG3HpIfeHacIXOR9VaeJWF5oIZC9AKpXLj76PwkVMchfoCmOtUwkWzuvWKsidGi1osFocBi0xlponZC8jJzqwcnbcsp155zjaj4cTaZC4RudGec1ZCC9qJlZAAmHcZD&message=%5BRandom%5D+Frame%0A%0ASeason%3A+1%2C+Episode%3A+17%2C+Frame%3A+651%0ATimestamp%3A+0%3A03%3A06.00%0A%0ADownload%3A+https%3A%2F%2Fjavaraf.github.io%2Fframe-view%2F%3Fseason%3D1%26episode%3D17%26frame%3D651%0A'
For more information check: https://developer.mozilla.org/en-US/docs/Web/HTTP/Status/400
2025-10-25 01:38:35,042 - __main__ - ERROR - ✖ Failed to post frame data
2025-10-25 01:40:40,788 - src.poster - ERROR - ✖ Error posting frame: Client error '400 Bad Request' for url 'https://graph.facebook.com/v21.0//me/photos?access_token=EAAMplsD3FFQBO9dn0XRGPN7Cx41kiuvXbA8fyZB9u9jvNPVrOksZAZBIKfftiLnReqc8AXVG3HpIfeHacIXOR9VaeJWF5oIZC9AKpXLj76PwkVMchfoCmOtUwkWzuvWKsidGi1osFocBi0xlponZC8jJzqwcnbcsp155zjaj4cTaZC4RudGec1ZCC9qJlZAAmHcZD&message=%5BRandom%5D+Frame%0A%0ASeason%3A+1%2C+Episode%3A+18%2C+Frame%3A+3129%0ATimestamp%3A+0%3A14%3A54.00%0A%0ADownload%3A+https%3A%2F%2Fjavaraf.github.io%2Fframe-view%2F%3Fseason%3D1%26episode%3D18%26frame%3D3129%0A'
For more information check: https://developer.mozilla.org/en-US/docs/Web/HTTP/Status/400
2025-10-25 01:40:40,788 - __main__ - ERROR - ✖ Failed to post frame data
2025-10-25 01:42:46,451 - src.poster - ERROR - ✖ Error posting frame: Client error '400 Bad Request' for url 'https://graph.facebook.com/v21.0//me/photos?access_token=EAAMplsD3FFQBO9dn0XRGPN7Cx41kiuvXbA8fyZB9u9jvNPVrOksZAZBIKfftiLnReqc8AXVG3HpIfeHacIXOR9VaeJWF5oIZC9AKpXLj76PwkVMchfoCmOtUwkWzuvWKsidGi1osFocBi0xlponZC8jJzqwcnbcsp155zjaj4cTaZC4RudGec1ZCC9qJlZAAmHcZD&message=%5BRandom%5D+Frame%0A%0ASeason%3A+1%2C+Episode%3A+9%2C+Frame%3A+3875%0ATimestamp%3A+0%3A18%3A27.14%0A%0ADownload%3A+https%3A%2F%2Fjavaraf.github.io%2Fframe-view%2F%3Fseason%3D1%26episode%3D9%26frame%3D3875%0A'
For more information check: https://developer.mozilla.org/en-US/docs/Web/HTTP/Status/400
2025-10-25 01:42:46,451 - __main__ - ERROR - ✖ Failed to post frame data
2025-10-25 01:44:52,058 - src.poster - ERROR - ✖ Error posting frame: Client error '400 Bad Request' for url 'https://graph.facebook.com/v21.0//me/photos?access_token=EAAMplsD3FFQBO9dn0XRGPN7Cx41kiuvXbA8fyZB9u9jvNPVrOksZAZBIKfftiLnReqc8AXVG3HpIfeHacIXOR9VaeJWF5oIZC9AKpXLj76PwkVMchfoCmOtUwkWzuvWKsidGi1osFocBi0xlponZC8jJzqwcnbcsp155zjaj4cTaZC4RudGec1ZCC9qJlZAAmHcZD&message=%5BRandom%5D+Frame%0A%0ASeason%3A+1%2C+Episode%3A+25%2C+Frame%3A+2205%0ATimestamp%3A+0%3A10%3A30.00%0A%0ADownload%3A+https%3A%2F%2Fjavaraf.github.io%2Fframe-view%2F%3Fseason%3D1%26episode%3D25%26frame%3D2205%0A'
For more information check: https://developer.mozilla.org/en-US/docs/Web/HTTP/Status/400
2025-10-25 01:44:52,058 - __main__ - ERROR - ✖ Failed to post frame data
2025-10-25 03:34:58,674 - src.poster - ERROR - ✖ Error posting frame: Client error '400 Bad Request' for url 'https://graph.facebook.com/v21.0//me/photos?access_token=EAAMplsD3FFQBO9dn0XRGPN7Cx41kiuvXbA8fyZB9u9jvNPVrOksZAZBIKfftiLnReqc8AXVG3HpIfeHacIXOR9VaeJWF5oIZC9AKpXLj76PwkVMchfoCmOtUwkWzuvWKsidGi1osFocBi0xlponZC8jJzqwcnbcsp155zjaj4cTaZC4RudGec1ZCC9qJlZAAmHcZD&message=%5BRandom%5D+Frame%0A%0ASeason%3A+1%2C+Episode%3A+3%2C+Frame%3A+3313%0ATimestamp%3A+0%3A15%3A46.57%0A%0ADownload%3A+https%3A%2F%2Fjavaraf.github.io%2Fframe-view%2F%3Fseason%3D1%26episode%3D3%26frame%3D3313%0A'
For more information check: https://developer.mozilla.org/en-US/docs/Web/HTTP/Status/400
2025-10-25 03:34:58,675 - __main__ - ERROR - ✖ Failed to post frame data
2025-10-25 03:37:04,245 - src.poster - ERROR - ✖ Error posting frame: Client error '400 Bad Request' for url 'https://graph.facebook.com/v21.0//me/photos?access_token=EAAMplsD3FFQBO9dn0XRGPN7Cx41kiuvXbA8fyZB9u9jvNPVrOksZAZBIKfftiLnReqc8AXVG3HpIfeHacIXOR9VaeJWF5oIZC9AKpXLj76PwkVMchfoCmOtUwkWzuvWKsidGi1osFocBi0xlponZC8jJzqwcnbcsp155zjaj4cTaZC4RudGec1ZCC9qJlZAAmHcZD&message=%5BRandom%5D+Frame%0A%0ASeason%3A+1%2C+Episode%3A+7%2C+Frame%3A+470%0ATimestamp%3A+0%3A02%3A14.28%0A%0ADownload%3A+https%3A%2F%2Fjavaraf.github.io%2Fframe-view%2F%3Fseason%3D1%26episode%3D7%26frame%3D470%0A'
For more information check: https://developer.mozilla.org/en-US/docs/Web/HTTP/Status/400
2025-10-25 03:37:04,245 - __main__ - ERROR - ✖ Failed to post frame data
2025-10-25 03:39:10,459 - src.poster - ERROR - ✖ Error posting frame: Client error '400 Bad Request' for url 'https://graph.facebook.com/v21.0//me/photos?access_token=EAAMplsD3FFQBO9dn0XRGPN7Cx41kiuvXbA8fyZB9u9jvNPVrOksZAZBIKfftiLnReqc8AXVG3HpIfeHacIXOR9VaeJWF5oIZC9AKpXLj76PwkVMchfoCmOtUwkWzuvWKsidGi1osFocBi0xlponZC8jJzqwcnbcsp155zjaj4cTaZC4RudGec1ZCC9qJlZAAmHcZD&message=%5BRandom%5D+Frame%0A%0ASeason%3A+1%2C+Episode%3A+1%2C+Frame%3A+498%0ATimestamp%3A+0%3A02%3A22.28%0A%0ADownload%3A+https%3A%2F%2Fjavaraf.github.io%2Fframe-view%2F%3Fseason%3D1%26episode%3D1%26frame%3D498%0A'
For more information check: https://developer.mozilla.org/en-US/docs/Web/HTTP/Status/400
2025-10-25 03:39:10,459 - __main__ - ERROR - ✖ Failed to post frame data
2025-10-25 03:41:16,254 - src.poster - ERROR - ✖ Error posting frame: Client error '400 Bad Request' for url 'https://graph.facebook.com/v21.0//me/photos?access_token=EAAMplsD3FFQBO9dn0XRGPN7Cx41kiuvXbA8fyZB9u9jvNPVrOksZAZBIKfftiLnReqc8AXVG3HpIfeHacIXOR9VaeJWF5oIZC9AKpXLj76PwkVMchfoCmOtUwkWzuvWKsidGi1osFocBi0xlponZC8jJzqwcnbcsp155zjaj4cTaZC4RudGec1ZCC9qJlZAAmHcZD&message=%5BRandom%5D+Frame%0A%0ASeason%3A+1%2C+Episode%3A+4%2C+Frame%3A+3571%0ATimestamp%3A+0%3A17%3A00.28%0A%0ADownload%3A+https%3A%2F%2Fjavaraf.github.io%2Fframe-view%2F%3Fseason%3D1%26episode%3D4%26frame%3D3571%0A'
For more information check: https://developer.mozilla.org/en-US/docs/Web/HTTP/Status/400
2025-10-25 03:41:16,254 - __main__ - ERROR - ✖ Failed to post frame data
2025-10-25 03:43:21,944 - src.poster - ERROR - ✖ Error posting frame: Client error '400 Bad Request' for url 'https://graph.facebook.com/v21.0//me/photos?access_token=EAAMplsD3FFQBO9dn0XRGPN7Cx41kiuvXbA8fyZB9u9jvNPVrOksZAZBIKfftiLnReqc8AXVG3HpIfeHacIXOR9VaeJWF5oIZC9AKpXLj76PwkVMchfoCmOtUwkWzuvWKsidGi1osFocBi0xlponZC8jJzqwcnbcsp155zjaj4cTaZC4RudGec1ZCC9qJlZAAmHcZD&message=%5BRandom%5D+Frame%0A%0ASeason%3A+1%2C+Episode%3A+16%2C+Frame%3A+2476%0ATimestamp%3A+0%3A11%3A47.42%0A%0ADownload%3A+https%3A%2F%2Fjavaraf.github.io%2Fframe-view%2F%3Fseason%3D1%26episode%3D16%26frame%3D2476%0A'
For more information check: https://developer.mozilla.org/en-US/docs/Web/HTTP/Status/400
2025-10-25 03:43:21,945 - __main__ - ERROR - ✖ Failed to post frame data
2025-10-25 03:45:27,581 - src.poster - ERROR - ✖ Error posting frame: Client error '400 Bad Request' for url 'https://graph.facebook.com/v21.0//me/photos?access_token=EAAMplsD3FFQBO9dn0XRGPN7Cx41kiuvXbA8fyZB9u9jvNPVrOksZAZBIKfftiLnReqc8AXVG3HpIfeHacIXOR9VaeJWF5oIZC9AKpXLj76PwkVMchfoCmOtUwkWzuvWKsidGi1osFocBi0xlponZC8jJzqwcnbcsp155zjaj4cTaZC4RudGec1ZCC9qJlZAAmHcZD&message=%5BRandom%5D+Frame%0A%0ASeason%3A+1%2C+Episode%3A+14%2C+Frame%3A+3495%0ATimestamp%3A+0%3A16%3A38.57%0A%0ADownload%3A+https%3A%2F%2Fjavaraf.github.io%2Fframe-view%2F%3Fseason%3D1%26episode%3D14%26frame%3D3495%0A'
For more information check: https://developer.mozilla.org/en-US/docs/Web/HTTP/Status/400
2025-10-25 03:45:27,581 - __main__ - ERROR - ✖ Failed to post frame data
2025-10-25 03:47:33,302 - src.poster - ERROR - ✖ Error posting frame: Client error '400 Bad Request' for url 'https://graph.facebook.com/v21.0//me/photos?access_token=EAAMplsD3FFQBO9dn0XRGPN7Cx41kiuvXbA8fyZB9u9jvNPVrOksZAZBIKfftiLnReqc8AXVG3HpIfeHacIXOR9VaeJWF5oIZC9AKpXLj76PwkVMchfoCmOtUwkWzuvWKsidGi1osFocBi0xlponZC8jJzqwcnbcsp155zjaj4cTaZC4RudGec1ZCC9qJlZAAmHcZD&message=%5BRandom%5D+Frame%0A%0ASeason%3A+1%2C+Episode%3A+27%2C+Frame%3A+3425%0ATimestamp%3A+0%3A16%3A18.57%0A%0ADownload%3A+https%3A%2F%2Fjavaraf.github.io%2Fframe-view%2F%3Fseason%3D1%26episode%3D27%26frame%3D3425%0A'
For more information check: https://developer.mozilla.org/en-US/docs/Web/HTTP/Status/400
2025-10-25 03:47:33,302 - __main__ - ERROR - ✖ Failed to post frame data
2025-10-25 03:49:39,110 - src.poster - ERROR - ✖ Error posting frame: Client error '400 Bad Request' for url 'https://graph.facebook.com/v21.0//me/photos?access_token=EAAMplsD3FFQBO9dn0XRGPN7Cx41kiuvXbA8fyZB9u9jvNPVrOksZAZBIKfftiLnReqc8AXVG3HpIfeHacIXOR9VaeJWF5oIZC9AKpXLj76PwkVMchfoCmOtUwkWzuvWKsidGi1osFocBi0xlponZC8jJzqwcnbcsp155zjaj4cTaZC4RudGec1ZCC9qJlZAAmHcZD&message=%5BRandom%5D+Frame%0A%0ASeason%3A+1%2C+Episode%3A+6%2C+Frame%3A+381%0ATimestamp%3A+0%3A01%3A48.85%0A%0ADownload%3A+https%3A%2F%2Fjavaraf.github.io%2Fframe-view%2F%3Fseason%3D1%26episode%3D6%26frame%3D381%0A'
For more information check: https://developer.mozilla.org/en-US/docs/Web/HTTP/Status/400
2025-10-25 03:49:39,110 - __main__ - ERROR - ✖ Failed to post frame data
2025-10-25 03:51:44,755 - src.poster - ERROR - ✖ Error posting frame: Client error '400 Bad Request' for url 'https://graph.facebook.com/v21.0//me/photos?access_token=EAAMplsD3FFQBO9dn0XRGPN7Cx41kiuvXbA8fyZB9u9jvNPVrOksZAZBIKfftiLnReqc8AXVG3HpIfeHacIXOR9VaeJWF5oIZC9AKpXLj76PwkVMchfoCmOtUwkWzuvWKsidGi1osFocBi0xlponZC8jJzqwcnbcsp155zjaj4cTaZC4RudGec1ZCC9qJlZAAmHcZD&message=%5BRandom%5D+Frame%0A%0ASeason%3A+1%2C+Episode%3A+5%2C+Frame%3A+194%0ATimestamp%3A+0%3A00%3A55.42%0A%0ADownload%3A+https%3A%2F%2Fjavaraf.github.io%2Fframe-view%2F%3Fseason%3D1%26episode%3D5%26frame%3D194%0A'
For more information check: https://developer.mozilla.org/en-US/docs/Web/HTTP/Status/400
2025-10-25 03:51:44,755 - __main__ - ERROR - ✖ Failed to post frame data
2025-10-25 03:53:50,392 - src.poster - ERROR - ✖ Error posting frame: Client error '400 Bad Request' for url 'https://graph.facebook.com/v21.0//me/photos?access_token=EAAMplsD3FFQBO9dn0XRGPN7Cx41kiuvXbA8fyZB9u9jvNPVrOksZAZBIKfftiLnReqc8AXVG3HpIfeHacIXOR9VaeJWF5oIZC9AKpXLj76PwkVMchfoCmOtUwkWzuvWKsidGi1osFocBi0xlponZC8jJzqwcnbcsp155zjaj4cTaZC4RudGec1ZCC9qJlZAAmHcZD&message=%5BRandom%5D+Frame%0A%0ASeason%3A+1%2C+Episode%3A+10%2C+Frame%3A+1568%0ATimestamp%3A+0%3A07%3A28.00%0A%0ADownload%3A+https%3A%2F%2Fjavaraf.github.io%2Fframe-view%2F%3Fseason%3D1%26episode%3D10%26frame%3D1568%0A'
For more information check: https://developer.mozilla.org/en-US/docs/Web/HTTP/Status/400
2025-10-25 03:53:50,392 - __main__ - ERROR - ✖ Failed to post frame data
2025-10-25 06:26:55,364 - src.poster - ERROR - ✖ Error posting frame: Client error '400 Bad Request' for url 'https://graph.facebook.com/v21.0//me/photos?access_token=EAAMplsD3FFQBO9dn0XRGPN7Cx41kiuvXbA8fyZB9u9jvNPVrOksZAZBIKfftiLnReqc8AXVG3HpIfeHacIXOR9VaeJWF5oIZC9AKpXLj76PwkVMchfoCmOtUwkWzuvWKsidGi1osFocBi0xlponZC8jJzqwcnbcsp155zjaj4cTaZC4RudGec1ZCC9qJlZAAmHcZD&message=%5BRandom%5D+Frame%0A%0ASeason%3A+1%2C+Episode%3A+2%2C+Frame%3A+2745%0ATimestamp%3A+0%3A13%3A04.28%0A%0ADownload%3A+https%3A%2F%2Fjavaraf.github.io%2Fframe-view%2F%3Fseason%3D1%26episode%3D2%26frame%3D2745%0A'
For more information check: https://developer.mozilla.org/en-US/docs/Web/HTTP/Status/400
2025-10-25 06:26:55,364 - __main__ - ERROR - ✖ Failed to post frame data
2025-10-25 06:29:01,364 - src.poster - ERROR - ✖ Error posting frame: Client error '400 Bad Request' for url 'https://graph.facebook.com/v21.0//me/photos?access_token=EAAMplsD3FFQBO9dn0XRGPN7Cx41kiuvXbA8fyZB9u9jvNPVrOksZAZBIKfftiLnReqc8AXVG3HpIfeHacIXOR9VaeJWF5oIZC9AKpXLj76PwkVMchfoCmOtUwkWzuvWKsidGi1osFocBi0xlponZC8jJzqwcnbcsp155zjaj4cTaZC4RudGec1ZCC9qJlZAAmHcZD&message=%5BRandom%5D+Frame%0A%0ASeason%3A+1%2C+Episode%3A+21%2C+Frame%3A+4384%0ATimestamp%3A+0%3A20%3A52.57%0A%0ADownload%3A+https%3A%2F%2Fjavaraf.github.io%2Fframe-view%2F%3Fseason%3D1%26episode%3D21%26frame%3D4384%0A'
For more information check: https://developer.mozilla.org/en-US/docs/Web/HTTP/Status/400
2025-10-25 06:29:01,364 - __main__ - ERROR - ✖ Failed to post frame data
2025-10-25 06:31:07,188 - src.poster - ERROR - ✖ Error posting frame: Client error '400 Bad Request' for url 'https://graph.facebook.com/v21.0//me/photos?access_token=EAAMplsD3FFQBO9dn0XRGPN7Cx41kiuvXbA8fyZB9u9jvNPVrOksZAZBIKfftiLnReqc8AXVG3HpIfeHacIXOR9VaeJWF5oIZC9AKpXLj76PwkVMchfoCmOtUwkWzuvWKsidGi1osFocBi0xlponZC8jJzqwcnbcsp155zjaj4cTaZC4RudGec1ZCC9qJlZAAmHcZD&message=%5BRandom%5D+Frame%0A%0ASeason%3A+1%2C+Episode%3A+12%2C+Frame%3A+194%0ATimestamp%3A+0%3A00%3A55.42%0A%0ADownload%3A+https%3A%2F%2Fjavaraf.github.io%2Fframe-view%2F%3Fseason%3D1%26episode%3D12%26frame%3D194%0A'
For more information check: https://developer.mozilla.org/en-US/docs/Web/HTTP/Status/400
2025-10-25 06:31:07,188 - __main__ - ERROR - ✖ Failed to post frame data
2025-10-25 06:33:13,103 - src.poster - ERROR - ✖ Error posting frame: Client error '400 Bad Request' for url 'https://graph.facebook.com/v21.0//me/photos?access_token=EAAMplsD3FFQBO9dn0XRGPN7Cx41kiuvXbA8fyZB9u9jvNPVrOksZAZBIKfftiLnReqc8AXVG3HpIfeHacIXOR9VaeJWF5oIZC9AKpXLj76PwkVMchfoCmOtUwkWzuvWKsidGi1osFocBi0xlponZC8jJzqwcnbcsp155zjaj4cTaZC4RudGec1ZCC9qJlZAAmHcZD&message=%5BRandom%5D+Frame%0A%0ASeason%3A+1%2C+Episode%3A+3%2C+Frame%3A+3227%0ATimestamp%3A+0%3A15%3A22.00%0A%0ADownload%3A+https%3A%2F%2Fjavaraf.github.io%2Fframe-view%2F%3Fseason%3D1%26episode%3D3%26frame%3D3227%0A'
For more information check: https://developer.mozilla.org/en-US/docs/Web/HTTP/Status/400
2025-10-25 06:33:13,103 - __main__ - ERROR - ✖ Failed to post frame data
2025-10-25 06:35:18,611 - src.poster - ERROR - ✖ Error posting frame: Client error '400 Bad Request' for url 'https://graph.facebook.com/v21.0//me/photos?access_token=EAAMplsD3FFQBO9dn0XRGPN7Cx41kiuvXbA8fyZB9u9jvNPVrOksZAZBIKfftiLnReqc8AXVG3HpIfeHacIXOR9VaeJWF5oIZC9AKpXLj76PwkVMchfoCmOtUwkWzuvWKsidGi1osFocBi0xlponZC8jJzqwcnbcsp155zjaj4cTaZC4RudGec1ZCC9qJlZAAmHcZD&message=%5BRandom%5D+Frame%0A%0ASeason%3A+1%2C+Episode%3A+2%2C+Frame%3A+988%0ATimestamp%3A+0%3A04%3A42.28%0A%0ADownload%3A+https%3A%2F%2Fjavaraf.github.io%2Fframe-view%2F%3Fseason%3D1%26episode%3D2%26frame%3D988%0A'
For more information check: https://developer.mozilla.org/en-US/docs/Web/HTTP/Status/400
2025-10-25 06:35:18,611 - __main__ - ERROR - ✖ Failed to post frame data
2025-10-25 06:37:24,255 - src.poster - ERROR - ✖ Error posting frame: Client error '400 Bad Request' for url 'https://graph.facebook.com/v21.0//me/photos?access_token=EAAMplsD3FFQBO9dn0XRGPN7Cx41kiuvXbA8fyZB9u9jvNPVrOksZAZBIKfftiLnReqc8AXVG3HpIfeHacIXOR9VaeJWF5oIZC9AKpXLj76PwkVMchfoCmOtUwkWzuvWKsidGi1osFocBi0xlponZC8jJzqwcnbcsp155zjaj4cTaZC4RudGec1ZCC9qJlZAAmHcZD&message=%5BRandom%5D+Frame%0A%0ASeason%3A+1%2C+Episode%3A+14%2C+Frame%3A+1247%0ATimestamp%3A+0%3A05%3A56.28%0A%0ADownload%3A+https%3A%2F%2Fjavaraf.github.io%2Fframe-view%2F%3Fseason%3D1%26episode%3D14%26frame%3D1247%0A'
For more information check: https://developer.mozilla.org/en-US/docs/Web/HTTP/Status/400
2025-10-25 06:37:24,255 - __main__ - ERROR - ✖ Failed to post frame data
2025-10-25 06:39:29,866 - src.poster - ERROR - ✖ Error posting frame: Client error '400 Bad Request' for url 'https://graph.facebook.com/v21.0//me/photos?access_token=EAAMplsD3FFQBO9dn0XRGPN7Cx41kiuvXbA8fyZB9u9jvNPVrOksZAZBIKfftiLnReqc8AXVG3HpIfeHacIXOR9VaeJWF5oIZC9AKpXLj76PwkVMchfoCmOtUwkWzuvWKsidGi1osFocBi0xlponZC8jJzqwcnbcsp155zjaj4cTaZC4RudGec1ZCC9qJlZAAmHcZD&message=%5BRandom%5D+Frame%0A%0ASeason%3A+1%2C+Episode%3A+19%2C+Frame%3A+1885%0ATimestamp%3A+0%3A08%3A58.57%0A%0ADownload%3A+https%3A%2F%2Fjavaraf.github.io%2Fframe-view%2F%3Fseason%3D1%26episode%3D19%26frame%3D1885%0A'
For more information check: https://developer.mozilla.org/en-US/docs/Web/HTTP/Status/400
2025-10-25 06:39:29,866 - __main__ - ERROR - ✖ Failed to post frame data
2025-10-25 06:41:35,467 - src.poster - ERROR - ✖ Error posting frame: Client error '400 Bad Request' for url 'https://graph.facebook.com/v21.0//me/photos?access_token=EAAMplsD3FFQBO9dn0XRGPN7Cx41kiuvXbA8fyZB9u9jvNPVrOksZAZBIKfftiLnReqc8AXVG3HpIfeHacIXOR9VaeJWF5oIZC9AKpXLj76PwkVMchfoCmOtUwkWzuvWKsidGi1osFocBi0xlponZC8jJzqwcnbcsp155zjaj4cTaZC4RudGec1ZCC9qJlZAAmHcZD&message=%5BRandom%5D+Frame%0A%0ASeason%3A+1%2C+Episode%3A+10%2C+Frame%3A+3892%0ATimestamp%3A+0%3A18%3A32.00%0A%0ADownload%3A+https%3A%2F%2Fjavaraf.github.io%2Fframe-view%2F%3Fseason%3D1%26episode%3D10%26frame%3D3892%0A'
For more information check: https://developer.mozilla.org/en-US/docs/Web/HTTP/Status/400
2025-10-25 06:41:35,468 - __main__ - ERROR - ✖ Failed to post frame data
2025-10-25 06:43:41,847 - src.poster - ERROR - ✖ Error posting frame: Client error '400 Bad Request' for url 'https://graph.facebook.com/v21.0//me/photos?access_token=EAAMplsD3FFQBO9dn0XRGPN7Cx41kiuvXbA8fyZB9u9jvNPVrOksZAZBIKfftiLnReqc8AXVG3HpIfeHacIXOR9VaeJWF5oIZC9AKpXLj76PwkVMchfoCmOtUwkWzuvWKsidGi1osFocBi0xlponZC8jJzqwcnbcsp155zjaj4cTaZC4RudGec1ZCC9qJlZAAmHcZD&message=%5BRandom%5D+Frame%0A%0ASeason%3A+1%2C+Episode%3A+22%2C+Frame%3A+4331%0ATimestamp%3A+0%3A20%3A37.42%0A%0ADownload%3A+https%3A%2F%2Fjavaraf.github.io%2Fframe-view%2F%3Fseason%3D1%26episode%3D22%26frame%3D4331%0A'
For more information check: https://developer.mozilla.org/en-US/docs/Web/HTTP/Status/400
2025-10-25 06:43:41,847 - __main__ - ERROR - ✖ Failed to post frame data
2025-10-25 06:45:48,043 - src.poster - ERROR - ✖ Error posting frame: Client error '400 Bad Request' for url 'https://graph.facebook.com/v21.0//me/photos?access_token=EAAMplsD3FFQBO9dn0XRGPN7Cx41kiuvXbA8fyZB9u9jvNPVrOksZAZBIKfftiLnReqc8AXVG3HpIfeHacIXOR9VaeJWF5oIZC9AKpXLj76PwkVMchfoCmOtUwkWzuvWKsidGi1osFocBi0xlponZC8jJzqwcnbcsp155zjaj4cTaZC4RudGec1ZCC9qJlZAAmHcZD&message=%5BRandom%5D+Frame%0A%0ASeason%3A+1%2C+Episode%3A+12%2C+Frame%3A+1970%0ATimestamp%3A+0%3A09%3A22.85%0A%0ADownload%3A+https%3A%2F%2Fjavaraf.github.io%2Fframe-view%2F%3Fseason%3D1%26episode%3D12%26frame%3D1970%0A'
For more information check: https://developer.mozilla.org/en-US/docs/Web/HTTP/Status/400
2025-10-25 06:45:48,043 - __main__ - ERROR - ✖ Failed to post frame data
2025-10-25 09:17:52,132 - src.poster - ERROR - ✖ Error posting frame: Client error '400 Bad Request' for url 'https://graph.facebook.com/v21.0//me/photos?access_token=EAAMplsD3FFQBO9dn0XRGPN7Cx41kiuvXbA8fyZB9u9jvNPVrOksZAZBIKfftiLnReqc8AXVG3HpIfeHacIXOR9VaeJWF5oIZC9AKpXLj76PwkVMchfoCmOtUwkWzuvWKsidGi1osFocBi0xlponZC8jJzqwcnbcsp155zjaj4cTaZC4RudGec1ZCC9qJlZAAmHcZD&message=%5BRandom%5D+Frame%0A%0ASeason%3A+1%2C+Episode%3A+8%2C+Frame%3A+1158%0ATimestamp%3A+0%3A05%3A30.85%0A%0ADownload%3A+https%3A%2F%2Fjavaraf.github.io%2Fframe-view%2F%3Fseason%3D1%26episode%3D8%26frame%3D1158%0A'
For more information check: https://developer.mozilla.org/en-US/docs/Web/HTTP/Status/400
2025-10-25 09:17:52,132 - __main__ - ERROR - ✖ Failed to post frame data
2025-10-25 09:19:58,081 - src.poster - ERROR - ✖ Error posting frame: Client error '400 Bad Request' for url 'https://graph.facebook.com/v21.0//me/photos?access_token=EAAMplsD3FFQBO9dn0XRGPN7Cx41kiuvXbA8fyZB9u9jvNPVrOksZAZBIKfftiLnReqc8AXVG3HpIfeHacIXOR9VaeJWF5oIZC9AKpXLj76PwkVMchfoCmOtUwkWzuvWKsidGi1osFocBi0xlponZC8jJzqwcnbcsp155zjaj4cTaZC4RudGec1ZCC9qJlZAAmHcZD&message=%5BRandom%5D+Frame%0A%0ASeason%3A+1%2C+Episode%3A+22%2C+Frame%3A+2618%0ATimestamp%3A+0%3A12%3A28.00%0A%0ADownload%3A+https%3A%2F%2Fjavaraf.github.io%2Fframe-view%2F%3Fseason%3D1%26episode%3D22%26frame%3D2618%0A'
For more information check: https://developer.mozilla.org/en-US/docs/Web/HTTP/Status/400
2025-10-25 09:19:58,081 - __main__ - ERROR - ✖ Failed to post frame data
2025-10-25 09:22:04,165 - src.poster - ERROR - ✖ Error posting frame: Client error '400 Bad Request' for url 'https://graph.facebook.com/v21.0//me/photos?access_token=EAAMplsD3FFQBO9dn0XRGPN7Cx41kiuvXbA8fyZB9u9jvNPVrOksZAZBIKfftiLnReqc8AXVG3HpIfeHacIXOR9VaeJWF5oIZC9AKpXLj76PwkVMchfoCmOtUwkWzuvWKsidGi1osFocBi0xlponZC8jJzqwcnbcsp155zjaj4cTaZC4RudGec1ZCC9qJlZAAmHcZD&message=%5BRandom%5D+Frame%0A%0ASeason%3A+1%2C+Episode%3A+9%2C+Frame%3A+4560%0ATimestamp%3A+0%3A21%3A42.85%0A%0ADownload%3A+https%3A%2F%2Fjavaraf.github.io%2Fframe-view%2F%3Fseason%3D1%26episode%3D9%26frame%3D4560%0A'
For more information check: https://developer.mozilla.org/en-US/docs/Web/HTTP/Status/400
2025-10-25 09:22:04,165 - __main__ - ERROR - ✖ Failed to post frame data
2025-10-25 09:24:09,983 - src.poster - ERROR - ✖ Error posting frame: Client error '400 Bad Request' for url 'https://graph.facebook.com/v21.0//me/photos?access_token=EAAMplsD3FFQBO9dn0XRGPN7Cx41kiuvXbA8fyZB9u9jvNPVrOksZAZBIKfftiLnReqc8AXVG3HpIfeHacIXOR9VaeJWF5oIZC9AKpXLj76PwkVMchfoCmOtUwkWzuvWKsidGi1osFocBi0xlponZC8jJzqwcnbcsp155zjaj4cTaZC4RudGec1ZCC9qJlZAAmHcZD&message=%5BRandom%5D+Frame%0A%0ASeason%3A+1%2C+Episode%3A+27%2C+Frame%3A+1975%0ATimestamp%3A+0%3A09%3A24.28%0A%0ADownload%3A+https%3A%2F%2Fjavaraf.github.io%2Fframe-view%2F%3Fseason%3D1%26episode%3D27%26frame%3D1975%0A'
For more information check: https://developer.mozilla.org/en-US/docs/Web/HTTP/Status/400
2025-10-25 09:24:09,983 - __main__ - ERROR - ✖ Failed to post frame data
2025-10-25 09:26:15,881 - src.poster - ERROR - ✖ Error posting frame: Client error '400 Bad Request' for url 'https://graph.facebook.com/v21.0//me/photos?access_token=EAAMplsD3FFQBO9dn0XRGPN7Cx41kiuvXbA8fyZB9u9jvNPVrOksZAZBIKfftiLnReqc8AXVG3HpIfeHacIXOR9VaeJWF5oIZC9AKpXLj76PwkVMchfoCmOtUwkWzuvWKsidGi1osFocBi0xlponZC8jJzqwcnbcsp155zjaj4cTaZC4RudGec1ZCC9qJlZAAmHcZD&message=%5BRandom%5D+Frame%0A%0ASeason%3A+1%2C+Episode%3A+17%2C+Frame%3A+4242%0ATimestamp%3A+0%3A20%3A12.00%0A%0ADownload%3A+https%3A%2F%2Fjavaraf.github.io%2Fframe-view%2F%3Fseason%3D1%26episode%3D17%26frame%3D4242%0A'
For more information check: https://developer.mozilla.org/en-US/docs/Web/HTTP/Status/400
2025-10-25 09:26:15,881 - __main__ - ERROR - ✖ Failed to post frame data
2025-10-25 09:28:21,932 - src.poster - ERROR - ✖ Error posting frame: Client error '400 Bad Request' for url 'https://graph.facebook.com/v21.0//me/photos?access_token=EAAMplsD3FFQBO9dn0XRGPN7Cx41kiuvXbA8fyZB9u9jvNPVrOksZAZBIKfftiLnReqc8AXVG3HpIfeHacIXOR9VaeJWF5oIZC9AKpXLj76PwkVMchfoCmOtUwkWzuvWKsidGi1osFocBi0xlponZC8jJzqwcnbcsp155zjaj4cTaZC4RudGec1ZCC9qJlZAAmHcZD&message=%5BRandom%5D+Frame%0A%0ASeason%3A+1%2C+Episode%3A+22%2C+Frame%3A+2218%0ATimestamp%3A+0%3A10%3A33.71%0A%0ADownload%3A+https%3A%2F%2Fjavaraf.github.io%2Fframe-view%2F%3Fseason%3D1%26episode%3D22%26frame%3D2218%0A'
For more information check: https://developer.mozilla.org/en-US/docs/Web/HTTP/Status/400
2025-10-25 09:28:21,932 - __main__ - ERROR - ✖ Failed to post frame data
2025-10-25 09:30:27,856 - src.poster - ERROR - ✖ Error posting frame: Client error '400 Bad Request' for url 'https://graph.facebook.com/v21.0//me/photos?access_token=EAAMplsD3FFQBO9dn0XRGPN7Cx41kiuvXbA8fyZB9u9jvNPVrOksZAZBIKfftiLnReqc8AXVG3HpIfeHacIXOR9VaeJWF5oIZC9AKpXLj76PwkVMchfoCmOtUwkWzuvWKsidGi1osFocBi0xlponZC8jJzqwcnbcsp155zjaj4cTaZC4RudGec1ZCC9qJlZAAmHcZD&message=%5BRandom%5D+Frame%0A%0ASeason%3A+1%2C+Episode%3A+18%2C+Frame%3A+198%0ATimestamp%3A+0%3A00%3A56.57%0A%0ADownload%3A+https%3A%2F%2Fjavaraf.github.io%2Fframe-view%2F%3Fseason%3D1%26episode%3D18%26frame%3D198%0A'
For more information check: https://developer.mozilla.org/en-US/docs/Web/HTTP/Status/400
2025-10-25 09:30:27,856 - __main__ - ERROR - ✖ Failed to post frame data
2025-10-25 09:32:33,826 - src.poster - ERROR - ✖ Error posting frame: Client error '400 Bad Request' for url 'https://graph.facebook.com/v21.0//me/photos?access_token=EAAMplsD3FFQBO9dn0XRGPN7Cx41kiuvXbA8fyZB9u9jvNPVrOksZAZBIKfftiLnReqc8AXVG3HpIfeHacIXOR9VaeJWF5oIZC9AKpXLj76PwkVMchfoCmOtUwkWzuvWKsidGi1osFocBi0xlponZC8jJzqwcnbcsp155zjaj4cTaZC4RudGec1ZCC9qJlZAAmHcZD&message=%5BRandom%5D+Frame%0A%0ASeason%3A+1%2C+Episode%3A+26%2C+Frame%3A+4439%0ATimestamp%3A+0%3A21%3A08.28%0A%0ADownload%3A+https%3A%2F%2Fjavaraf.github.io%2Fframe-view%2F%3Fseason%3D1%26episode%3D26%26frame%3D4439%0A'
For more information check: https://developer.mozilla.org/en-US/docs/Web/HTTP/Status/400
2025-10-25 09:32:33,826 - __main__ - ERROR - ✖ Failed to post frame data
2025-10-25 09:34:39,706 - src.poster - ERROR - ✖ Error posting frame: Client error '400 Bad Request' for url 'https://graph.facebook.com/v21.0//me/photos?access_token=EAAMplsD3FFQBO9dn0XRGPN7Cx41kiuvXbA8fyZB9u9jvNPVrOksZAZBIKfftiLnReqc8AXVG3HpIfeHacIXOR9VaeJWF5oIZC9AKpXLj76PwkVMchfoCmOtUwkWzuvWKsidGi1osFocBi0xlponZC8jJzqwcnbcsp155zjaj4cTaZC4RudGec1ZCC9qJlZAAmHcZD&message=%5BRandom%5D+Frame%0A%0ASeason%3A+1%2C+Episode%3A+25%2C+Frame%3A+5129%0ATimestamp%3A+0%3A24%3A25.42%0A%0ADownload%3A+https%3A%2F%2Fjavaraf.github.io%2Fframe-view%2F%3Fseason%3D1%26episode%3D25%26frame%3D5129%0A'
For more information check: https://developer.mozilla.org/en-US/docs/Web/HTTP/Status/400
2025-10-25 09:34:39,706 - __main__ - ERROR - ✖ Failed to post frame data
2025-10-25 09:36:45,723 - src.poster - ERROR - ✖ Error posting frame: Client error '400 Bad Request' for url 'https://graph.facebook.com/v21.0//me/photos?access_token=EAAMplsD3FFQBO9dn0XRGPN7Cx41kiuvXbA8fyZB9u9jvNPVrOksZAZBIKfftiLnReqc8AXVG3HpIfeHacIXOR9VaeJWF5oIZC9AKpXLj76PwkVMchfoCmOtUwkWzuvWKsidGi1osFocBi0xlponZC8jJzqwcnbcsp155zjaj4cTaZC4RudGec1ZCC9qJlZAAmHcZD&message=%5BRandom%5D+Frame%0A%0ASeason%3A+1%2C+Episode%3A+2%2C+Frame%3A+2407%0ATimestamp%3A+0%3A11%3A27.71%0A%0ADownload%3A+https%3A%2F%2Fjavaraf.github.io%2Fframe-view%2F%3Fseason%3D1%26episode%3D2%26frame%3D2407%0A'
For more information check: https://developer.mozilla.org/en-US/docs/Web/HTTP/Status/400
2025-10-25 09:36:45,723 - __main__ - ERROR - ✖ Failed to post frame data
2025-10-25 12:35:56,378 - src.poster - ERROR - ✖ Error posting frame: Client error '400 Bad Request' for url 'https://graph.facebook.com/v21.0//me/photos?access_token=EAAMplsD3FFQBO9dn0XRGPN7Cx41kiuvXbA8fyZB9u9jvNPVrOksZAZBIKfftiLnReqc8AXVG3HpIfeHacIXOR9VaeJWF5oIZC9AKpXLj76PwkVMchfoCmOtUwkWzuvWKsidGi1osFocBi0xlponZC8jJzqwcnbcsp155zjaj4cTaZC4RudGec1ZCC9qJlZAAmHcZD&message=%5BRandom%5D+Frame%0A%0ASeason%3A+1%2C+Episode%3A+21%2C+Frame%3A+1274%0ATimestamp%3A+0%3A06%3A04.00%0A%0ADownload%3A+https%3A%2F%2Fjavaraf.github.io%2Fframe-view%2F%3Fseason%3D1%26episode%3D21%26frame%3D1274%0A'
For more information check: https://developer.mozilla.org/en-US/docs/Web/HTTP/Status/400
2025-10-25 12:35:56,378 - __main__ - ERROR - ✖ Failed to post frame data
2025-10-25 12:38:03,272 - src.poster - ERROR - ✖ Error posting frame: Client error '400 Bad Request' for url 'https://graph.facebook.com/v21.0//me/photos?access_token=EAAMplsD3FFQBO9dn0XRGPN7Cx41kiuvXbA8fyZB9u9jvNPVrOksZAZBIKfftiLnReqc8AXVG3HpIfeHacIXOR9VaeJWF5oIZC9AKpXLj76PwkVMchfoCmOtUwkWzuvWKsidGi1osFocBi0xlponZC8jJzqwcnbcsp155zjaj4cTaZC4RudGec1ZCC9qJlZAAmHcZD&message=%5BRandom%5D+Frame%0A%0ASeason%3A+1%2C+Episode%3A+11%2C+Frame%3A+1457%0ATimestamp%3A+0%3A06%3A56.28%0A%0ADownload%3A+https%3A%2F%2Fjavaraf.github.io%2Fframe-view%2F%3Fseason%3D1%26episode%3D11%26frame%3D1457%0A'
For more information check: https://developer.mozilla.org/en-US/docs/Web/HTTP/Status/400
2025-10-25 12:38:03,272 - __main__ - ERROR - ✖ Failed to post frame data
2025-10-25 12:40:10,349 - src.poster - ERROR - ✖ Error posting frame: Client error '400 Bad Request' for url 'https://graph.facebook.com/v21.0//me/photos?access_token=EAAMplsD3FFQBO9dn0XRGPN7Cx41kiuvXbA8fyZB9u9jvNPVrOksZAZBIKfftiLnReqc8AXVG3HpIfeHacIXOR9VaeJWF5oIZC9AKpXLj76PwkVMchfoCmOtUwkWzuvWKsidGi1osFocBi0xlponZC8jJzqwcnbcsp155zjaj4cTaZC4RudGec1ZCC9qJlZAAmHcZD&message=%5BRandom%5D+Frame%0A%0ASeason%3A+1%2C+Episode%3A+19%2C+Frame%3A+4056%0ATimestamp%3A+0%3A19%3A18.85%0A%0ADownload%3A+https%3A%2F%2Fjavaraf.github.io%2Fframe-view%2F%3Fseason%3D1%26episode%3D19%26frame%3D4056%0A'
For more information check: https://developer.mozilla.org/en-US/docs/Web/HTTP/Status/400
2025-10-25 12:40:10,350 - __main__ - ERROR - ✖ Failed to post frame data
2025-10-25 12:42:16,993 - src.poster - ERROR - ✖ Error posting frame: Client error '400 Bad Request' for url 'https://graph.facebook.com/v21.0//me/photos?access_token=EAAMplsD3FFQBO9dn0XRGPN7Cx41kiuvXbA8fyZB9u9jvNPVrOksZAZBIKfftiLnReqc8AXVG3HpIfeHacIXOR9VaeJWF5oIZC9AKpXLj76PwkVMchfoCmOtUwkWzuvWKsidGi1osFocBi0xlponZC8jJzqwcnbcsp155zjaj4cTaZC4RudGec1ZCC9qJlZAAmHcZD&message=%5BRandom%5D+Frame%0A%0ASeason%3A+1%2C+Episode%3A+16%2C+Frame%3A+2255%0ATimestamp%3A+0%3A10%3A44.28%0A%0ADownload%3A+https%3A%2F%2Fjavaraf.github.io%2Fframe-view%2F%3Fseason%3D1%26episode%3D16%26frame%3D2255%0A'
For more information check: https://developer.mozilla.org/en-US/docs/Web/HTTP/Status/400
2025-10-25 12:42:16,993 - __main__ - ERROR - ✖ Failed to post frame data
2025-10-25 12:44:23,338 - src.poster - ERROR - ✖ Error posting frame: Client error '400 Bad Request' for url 'https://graph.facebook.com/v21.0//me/photos?access_token=EAAMplsD3FFQBO9dn0XRGPN7Cx41kiuvXbA8fyZB9u9jvNPVrOksZAZBIKfftiLnReqc8AXVG3HpIfeHacIXOR9VaeJWF5oIZC9AKpXLj76PwkVMchfoCmOtUwkWzuvWKsidGi1osFocBi0xlponZC8jJzqwcnbcsp155zjaj4cTaZC4RudGec1ZCC9qJlZAAmHcZD&message=%5BRandom%5D+Frame%0A%0ASeason%3A+1%2C+Episode%3A+7%2C+Frame%3A+2921%0ATimestamp%3A+0%3A13%3A54.57%0A%0ADownload%3A+https%3A%2F%2Fjavaraf.github.io%2Fframe-view%2F%3Fseason%3D1%26episode%3D7%26frame%3D2921%0A'
For more information check: https://developer.mozilla.org/en-US/docs/Web/HTTP/Status/400
2025-10-25 12:44:23,338 - __main__ - ERROR - ✖ Failed to post frame data
2025-10-25 12:46:30,206 - src.poster - ERROR - ✖ Error posting frame: Client error '400 Bad Request' for url 'https://graph.facebook.com/v21.0//me/photos?access_token=EAAMplsD3FFQBO9dn0XRGPN7Cx41kiuvXbA8fyZB9u9jvNPVrOksZAZBIKfftiLnReqc8AXVG3HpIfeHacIXOR9VaeJWF5oIZC9AKpXLj76PwkVMchfoCmOtUwkWzuvWKsidGi1osFocBi0xlponZC8jJzqwcnbcsp155zjaj4cTaZC4RudGec1ZCC9qJlZAAmHcZD&message=%5BRandom%5D+Frame%0A%0ASeason%3A+1%2C+Episode%3A+28%2C+Frame%3A+2228%0ATimestamp%3A+0%3A10%3A36.57%0A%0ADownload%3A+https%3A%2F%2Fjavaraf.github.io%2Fframe-view%2F%3Fseason%3D1%26episode%3D28%26frame%3D2228%0A'
For more information check: https://developer.mozilla.org/en-US/docs/Web/HTTP/Status/400
2025-10-25 12:46:30,206 - __main__ - ERROR - ✖ Failed to post frame data
2025-10-25 12:48:37,048 - src.poster - ERROR - ✖ Error posting frame: Client error '400 Bad Request' for url 'https://graph.facebook.com/v21.0//me/photos?access_token=EAAMplsD3FFQBO9dn0XRGPN7Cx41kiuvXbA8fyZB9u9jvNPVrOksZAZBIKfftiLnReqc8AXVG3HpIfeHacIXOR9VaeJWF5oIZC9AKpXLj76PwkVMchfoCmOtUwkWzuvWKsidGi1osFocBi0xlponZC8jJzqwcnbcsp155zjaj4cTaZC4RudGec1ZCC9qJlZAAmHcZD&message=%5BRandom%5D+Frame%0A%0ASeason%3A+1%2C+Episode%3A+6%2C+Frame%3A+4891%0ATimestamp%3A+0%3A23%3A17.42%0A%0ADownload%3A+https%3A%2F%2Fjavaraf.github.io%2Fframe-view%2F%3Fseason%3D1%26episode%3D6%26frame%3D4891%0A'
For more information check: https://developer.mozilla.org/en-US/docs/Web/HTTP/Status/400
2025-10-25 12:48:37,048 - __main__ - ERROR - ✖ Failed to post frame data
2025-10-25 12:50:43,851 - src.poster - ERROR - ✖ Error posting frame: Client error '400 Bad Request' for url 'https://graph.facebook.com/v21.0//me/photos?access_token=EAAMplsD3FFQBO9dn0XRGPN7Cx41kiuvXbA8fyZB9u9jvNPVrOksZAZBIKfftiLnReqc8AXVG3HpIfeHacIXOR9VaeJWF5oIZC9AKpXLj76PwkVMchfoCmOtUwkWzuvWKsidGi1osFocBi0xlponZC8jJzqwcnbcsp155zjaj4cTaZC4RudGec1ZCC9qJlZAAmHcZD&message=%5BRandom%5D+Frame%0A%0ASeason%3A+1%2C+Episode%3A+15%2C+Frame%3A+2109%0ATimestamp%3A+0%3A10%3A02.57%0A%0ADownload%3A+https%3A%2F%2Fjavaraf.github.io%2Fframe-view%2F%3Fseason%3D1%26episode%3D15%26frame%3D2109%0A'
For more information check: https://developer.mozilla.org/en-US/docs/Web/HTTP/Status/400
2025-10-25 12:50:43,851 - __main__ - ERROR - ✖ Failed to post frame data
2025-10-25 12:52:49,366 - src.poster - ERROR - ✖ Error posting frame: Client error '400 Bad Request' for url 'https://graph.facebook.com/v21.0//me/photos?access_token=EAAMplsD3FFQBO9dn0XRGPN7Cx41kiuvXbA8fyZB9u9jvNPVrOksZAZBIKfftiLnReqc8AXVG3HpIfeHacIXOR9VaeJWF5oIZC9AKpXLj76PwkVMchfoCmOtUwkWzuvWKsidGi1osFocBi0xlponZC8jJzqwcnbcsp155zjaj4cTaZC4RudGec1ZCC9qJlZAAmHcZD&message=%5BRandom%5D+Frame%0A%0ASeason%3A+1%2C+Episode%3A+17%2C+Frame%3A+4175%0ATimestamp%3A+0%3A19%3A52.85%0A%0ADownload%3A+https%3A%2F%2Fjavaraf.github.io%2Fframe-view%2F%3Fseason%3D1%26episode%3D17%26frame%3D4175%0A'
For more information check: https://developer.mozilla.org/en-US/docs/Web/HTTP/Status/400
2025-10-25 12:52:49,366 - __main__ - ERROR - ✖ Failed to post frame data
2025-10-25 12:54:56,177 - src.poster - ERROR - ✖ Error posting frame: Client error '400 Bad Request' for url 'https://graph.facebook.com/v21.0//me/photos?access_token=EAAMplsD3FFQBO9dn0XRGPN7Cx41kiuvXbA8fyZB9u9jvNPVrOksZAZBIKfftiLnReqc8AXVG3HpIfeHacIXOR9VaeJWF5oIZC9AKpXLj76PwkVMchfoCmOtUwkWzuvWKsidGi1osFocBi0xlponZC8jJzqwcnbcsp155zjaj4cTaZC4RudGec1ZCC9qJlZAAmHcZD&message=%5BRandom%5D+Frame%0A%0ASeason%3A+1%2C+Episode%3A+1%2C+Frame%3A+1068%0ATimestamp%3A+0%3A05%3A05.14%0A%0ADownload%3A+https%3A%2F%2Fjavaraf.github.io%2Fframe-view%2F%3Fseason%3D1%26episode%3D1%26frame%3D1068%0A'
For more information check: https://developer.mozilla.org/en-US/docs/Web/HTTP/Status/400
2025-10-25 12:54:56,177 - __main__ - ERROR - ✖ Failed to post frame data
2025-10-25 15:17:26,759 - src.poster - ERROR - ✖ Error posting frame: Client error '400 Bad Request' for url 'https://graph.facebook.com/v21.0//me/photos?access_token=EAAMplsD3FFQBO9dn0XRGPN7Cx41kiuvXbA8fyZB9u9jvNPVrOksZAZBIKfftiLnReqc8AXVG3HpIfeHacIXOR9VaeJWF5oIZC9AKpXLj76PwkVMchfoCmOtUwkWzuvWKsidGi1osFocBi0xlponZC8jJzqwcnbcsp155zjaj4cTaZC4RudGec1ZCC9qJlZAAmHcZD&message=%5BRandom%5D+Frame%0A%0ASeason%3A+1%2C+Episode%3A+2%2C+Frame%3A+5294%0ATimestamp%3A+0%3A25%3A12.57%0A%0ADownload%3A+https%3A%2F%2Fjavaraf.github.io%2Fframe-view%2F%3Fseason%3D1%26episode%3D2%26frame%3D5294%0A'
For more information check: https://developer.mozilla.org/en-US/docs/Web/HTTP/Status/400
2025-10-25 15:17:26,759 - __main__ - ERROR - ✖ Failed to post frame data
2025-10-25 15:19:33,442 - src.poster - ERROR - ✖ Error posting frame: Client error '400 Bad Request' for url 'https://graph.facebook.com/v21.0//me/photos?access_token=EAAMplsD3FFQBO9dn0XRGPN7Cx41kiuvXbA8fyZB9u9jvNPVrOksZAZBIKfftiLnReqc8AXVG3HpIfeHacIXOR9VaeJWF5oIZC9AKpXLj76PwkVMchfoCmOtUwkWzuvWKsidGi1osFocBi0xlponZC8jJzqwcnbcsp155zjaj4cTaZC4RudGec1ZCC9qJlZAAmHcZD&message=%5BRandom%5D+Frame%0A%0ASeason%3A+1%2C+Episode%3A+26%2C+Frame%3A+2305%0ATimestamp%3A+0%3A10%3A58.57%0A%0ADownload%3A+https%3A%2F%2Fjavaraf.github.io%2Fframe-view%2F%3Fseason%3D1%26episode%3D26%26frame%3D2305%0A'
For more information check: https://developer.mozilla.org/en-US/docs/Web/HTTP/Status/400
2025-10-25 15:19:33,442 - __main__ - ERROR - ✖ Failed to post frame data
2025-10-25 15:21:39,627 - src.poster - ERROR - ✖ Error posting frame: Client error '400 Bad Request' for url 'https://graph.facebook.com/v21.0//me/photos?access_token=EAAMplsD3FFQBO9dn0XRGPN7Cx41kiuvXbA8fyZB9u9jvNPVrOksZAZBIKfftiLnReqc8AXVG3HpIfeHacIXOR9VaeJWF5oIZC9AKpXLj76PwkVMchfoCmOtUwkWzuvWKsidGi1osFocBi0xlponZC8jJzqwcnbcsp155zjaj4cTaZC4RudGec1ZCC9qJlZAAmHcZD&message=%5BRandom%5D+Frame%0A%0ASeason%3A+1%2C+Episode%3A+23%2C+Frame%3A+4400%0ATimestamp%3A+0%3A20%3A57.14%0A%0ADownload%3A+https%3A%2F%2Fjavaraf.github.io%2Fframe-view%2F%3Fseason%3D1%26episode%3D23%26frame%3D4400%0A'
For more information check: https://developer.mozilla.org/en-US/docs/Web/HTTP/Status/400
2025-10-25 15:21:39,627 - __main__ - ERROR - ✖ Failed to post frame data
2025-10-25 15:23:45,564 - src.poster - ERROR - ✖ Error posting frame: Client error '400 Bad Request' for url 'https://graph.facebook.com/v21.0//me/photos?access_token=EAAMplsD3FFQBO9dn0XRGPN7Cx41kiuvXbA8fyZB9u9jvNPVrOksZAZBIKfftiLnReqc8AXVG3HpIfeHacIXOR9VaeJWF5oIZC9AKpXLj76PwkVMchfoCmOtUwkWzuvWKsidGi1osFocBi0xlponZC8jJzqwcnbcsp155zjaj4cTaZC4RudGec1ZCC9qJlZAAmHcZD&message=%5BRandom%5D+Frame%0A%0ASeason%3A+1%2C+Episode%3A+20%2C+Frame%3A+528%0ATimestamp%3A+0%3A02%3A30.85%0A%0ADownload%3A+https%3A%2F%2Fjavaraf.github.io%2Fframe-view%2F%3Fseason%3D1%26episode%3D20%26frame%3D528%0A'
For more information check: https://developer.mozilla.org/en-US/docs/Web/HTTP/Status/400
2025-10-25 15:23:45,564 - __main__ - ERROR - ✖ Failed to post frame data
2025-10-25 15:25:51,600 - src.poster - ERROR - ✖ Error posting frame: Client error '400 Bad Request' for url 'https://graph.facebook.com/v21.0//me/photos?access_token=EAAMplsD3FFQBO9dn0XRGPN7Cx41kiuvXbA8fyZB9u9jvNPVrOksZAZBIKfftiLnReqc8AXVG3HpIfeHacIXOR9VaeJWF5oIZC9AKpXLj76PwkVMchfoCmOtUwkWzuvWKsidGi1osFocBi0xlponZC8jJzqwcnbcsp155zjaj4cTaZC4RudGec1ZCC9qJlZAAmHcZD&message=%5BRandom%5D+Frame%0A%0ASeason%3A+1%2C+Episode%3A+21%2C+Frame%3A+2232%0ATimestamp%3A+0%3A10%3A37.71%0A%0ADownload%3A+https%3A%2F%2Fjavaraf.github.io%2Fframe-view%2F%3Fseason%3D1%26episode%3D21%26frame%3D2232%0A'
For more information check: https://developer.mozilla.org/en-US/docs/Web/HTTP/Status/400
2025-10-25 15:25:51,600 - __main__ - ERROR - ✖ Failed to post frame data
2025-10-25 15:27:58,041 - src.poster - ERROR - ✖ Error posting frame: Client error '400 Bad Request' for url 'https://graph.facebook.com/v21.0//me/photos?access_token=EAAMplsD3FFQBO9dn0XRGPN7Cx41kiuvXbA8fyZB9u9jvNPVrOksZAZBIKfftiLnReqc8AXVG3HpIfeHacIXOR9VaeJWF5oIZC9AKpXLj76PwkVMchfoCmOtUwkWzuvWKsidGi1osFocBi0xlponZC8jJzqwcnbcsp155zjaj4cTaZC4RudGec1ZCC9qJlZAAmHcZD&message=%5BRandom%5D+Frame%0A%0ASeason%3A+1%2C+Episode%3A+11%2C+Frame%3A+4023%0ATimestamp%3A+0%3A19%3A09.42%0A%0ADownload%3A+https%3A%2F%2Fjavaraf.github.io%2Fframe-view%2F%3Fseason%3D1%26episode%3D11%26frame%3D4023%0A'
For more information check: https://developer.mozilla.org/en-US/docs/Web/HTTP/Status/400
2025-10-25 15:27:58,042 - __main__ - ERROR - ✖ Failed to post frame data
2025-10-25 15:30:04,606 - src.poster - ERROR - ✖ Error posting frame: Client error '400 Bad Request' for url 'https://graph.facebook.com/v21.0//me/photos?access_token=EAAMplsD3FFQBO9dn0XRGPN7Cx41kiuvXbA8fyZB9u9jvNPVrOksZAZBIKfftiLnReqc8AXVG3HpIfeHacIXOR9VaeJWF5oIZC9AKpXLj76PwkVMchfoCmOtUwkWzuvWKsidGi1osFocBi0xlponZC8jJzqwcnbcsp155zjaj4cTaZC4RudGec1ZCC9qJlZAAmHcZD&message=%5BRandom%5D+Frame%0A%0ASeason%3A+1%2C+Episode%3A+17%2C+Frame%3A+2794%0ATimestamp%3A+0%3A13%3A18.28%0A%0ADownload%3A+https%3A%2F%2Fjavaraf.github.io%2Fframe-view%2F%3Fseason%3D1%26episode%3D17%26frame%3D2794%0A'
For more information check: https://developer.mozilla.org/en-US/docs/Web/HTTP/Status/400
2025-10-25 15:30:04,606 - __main__ - ERROR - ✖ Failed to post frame data
2025-10-25 15:32:10,840 - src.poster - ERROR - ✖ Error posting frame: Client error '400 Bad Request' for url 'https://graph.facebook.com/v21.0//me/photos?access_token=EAAMplsD3FFQBO9dn0XRGPN7Cx41kiuvXbA8fyZB9u9jvNPVrOksZAZBIKfftiLnReqc8AXVG3HpIfeHacIXOR9VaeJWF5oIZC9AKpXLj76PwkVMchfoCmOtUwkWzuvWKsidGi1osFocBi0xlponZC8jJzqwcnbcsp155zjaj4cTaZC4RudGec1ZCC9qJlZAAmHcZD&message=%5BRandom%5D+Frame%0A%0ASeason%3A+1%2C+Episode%3A+26%2C+Frame%3A+4762%0ATimestamp%3A+0%3A22%3A40.57%0A%0ADownload%3A+https%3A%2F%2Fjavaraf.github.io%2Fframe-view%2F%3Fseason%3D1%26episode%3D26%26frame%3D4762%0A'
For more information check: https://developer.mozilla.org/en-US/docs/Web/HTTP/Status/400
2025-10-25 15:32:10,840 - __main__ - ERROR - ✖ Failed to post frame data
2025-10-25 15:34:16,919 - src.poster - ERROR - ✖ Error posting frame: Client error '400 Bad Request' for url 'https://graph.facebook.com/v21.0//me/photos?access_token=EAAMplsD3FFQBO9dn0XRGPN7Cx41kiuvXbA8fyZB9u9jvNPVrOksZAZBIKfftiLnReqc8AXVG3HpIfeHacIXOR9VaeJWF5oIZC9AKpXLj76PwkVMchfoCmOtUwkWzuvWKsidGi1osFocBi0xlponZC8jJzqwcnbcsp155zjaj4cTaZC4RudGec1ZCC9qJlZAAmHcZD&message=%5BRandom%5D+Frame%0A%0ASeason%3A+1%2C+Episode%3A+2%2C+Frame%3A+4608%0ATimestamp%3A+0%3A21%3A56.57%0A%0ADownload%3A+https%3A%2F%2Fjavaraf.github.io%2Fframe-view%2F%3Fseason%3D1%26episode%3D2%26frame%3D4608%0A'
For more information check: https://developer.mozilla.org/en-US/docs/Web/HTTP/Status/400
2025-10-25 15:34:16,919 - __main__ - ERROR - ✖ Failed to post frame data
2025-10-25 15:36:23,082 - src.poster - ERROR - ✖ Error posting frame: Client error '400 Bad Request' for url 'https://graph.facebook.com/v21.0//me/photos?access_token=EAAMplsD3FFQBO9dn0XRGPN7Cx41kiuvXbA8fyZB9u9jvNPVrOksZAZBIKfftiLnReqc8AXVG3HpIfeHacIXOR9VaeJWF5oIZC9AKpXLj76PwkVMchfoCmOtUwkWzuvWKsidGi1osFocBi0xlponZC8jJzqwcnbcsp155zjaj4cTaZC4RudGec1ZCC9qJlZAAmHcZD&message=%5BRandom%5D+Frame%0A%0ASeason%3A+1%2C+Episode%3A+23%2C+Frame%3A+4636%0ATimestamp%3A+0%3A22%3A04.57%0A%0ADownload%3A+https%3A%2F%2Fjavaraf.github.io%2Fframe-view%2F%3Fseason%3D1%26episode%3D23%26frame%3D4636%0A'
For more information check: https://developer.mozilla.org/en-US/docs/Web/HTTP/Status/400
2025-10-25 15:36:23,082 - __main__ - ERROR - ✖ Failed to post frame data
